Archive member included because of file (symbol)

d:/all_courses/embeded system/01- full embedded systems diploma/new folder/imt_sdk_win_64/winavr/bin/../lib/gcc/avr/4.3.3/avr5\libgcc.a(_exit.o)
                              d:/all_courses/embeded system/01- full embedded systems diploma/new folder/imt_sdk_win_64/winavr/bin/../lib/gcc/avr/4.3.3/../../../../avr/lib/avr5/crtm32.o (exit)
d:/all_courses/embeded system/01- full embedded systems diploma/new folder/imt_sdk_win_64/winavr/bin/../lib/gcc/avr/4.3.3/avr5\libgcc.a(_copy_data.o)
                              ./Queue.o (__do_copy_data)
d:/all_courses/embeded system/01- full embedded systems diploma/new folder/imt_sdk_win_64/winavr/bin/../lib/gcc/avr/4.3.3/avr5\libgcc.a(_clear_bss.o)
                              ./LED_program.o (__do_clear_bss)
d:/all_courses/embeded system/01- full embedded systems diploma/new folder/imt_sdk_win_64/winavr/bin/../lib/gcc/avr/4.3.3/../../../../avr/lib/avr5\libc.a(printf.o)
                              ./Queue.o (printf)
d:/all_courses/embeded system/01- full embedded systems diploma/new folder/imt_sdk_win_64/winavr/bin/../lib/gcc/avr/4.3.3/../../../../avr/lib/avr5\libc.a(puts.o)
                              ./Queue.o (puts)
d:/all_courses/embeded system/01- full embedded systems diploma/new folder/imt_sdk_win_64/winavr/bin/../lib/gcc/avr/4.3.3/../../../../avr/lib/avr5\libc.a(vfprintf_std.o)
                              d:/all_courses/embeded system/01- full embedded systems diploma/new folder/imt_sdk_win_64/winavr/bin/../lib/gcc/avr/4.3.3/../../../../avr/lib/avr5\libc.a(printf.o) (vfprintf)
d:/all_courses/embeded system/01- full embedded systems diploma/new folder/imt_sdk_win_64/winavr/bin/../lib/gcc/avr/4.3.3/../../../../avr/lib/avr5\libc.a(strnlen_P.o)
                              d:/all_courses/embeded system/01- full embedded systems diploma/new folder/imt_sdk_win_64/winavr/bin/../lib/gcc/avr/4.3.3/../../../../avr/lib/avr5\libc.a(vfprintf_std.o) (strnlen_P)
d:/all_courses/embeded system/01- full embedded systems diploma/new folder/imt_sdk_win_64/winavr/bin/../lib/gcc/avr/4.3.3/../../../../avr/lib/avr5\libc.a(strnlen.o)
                              d:/all_courses/embeded system/01- full embedded systems diploma/new folder/imt_sdk_win_64/winavr/bin/../lib/gcc/avr/4.3.3/../../../../avr/lib/avr5\libc.a(vfprintf_std.o) (strnlen)
d:/all_courses/embeded system/01- full embedded systems diploma/new folder/imt_sdk_win_64/winavr/bin/../lib/gcc/avr/4.3.3/../../../../avr/lib/avr5\libc.a(fputc.o)
                              d:/all_courses/embeded system/01- full embedded systems diploma/new folder/imt_sdk_win_64/winavr/bin/../lib/gcc/avr/4.3.3/../../../../avr/lib/avr5\libc.a(vfprintf_std.o) (fputc)
d:/all_courses/embeded system/01- full embedded systems diploma/new folder/imt_sdk_win_64/winavr/bin/../lib/gcc/avr/4.3.3/../../../../avr/lib/avr5\libc.a(iob.o)
                              d:/all_courses/embeded system/01- full embedded systems diploma/new folder/imt_sdk_win_64/winavr/bin/../lib/gcc/avr/4.3.3/../../../../avr/lib/avr5\libc.a(printf.o) (__iob)
d:/all_courses/embeded system/01- full embedded systems diploma/new folder/imt_sdk_win_64/winavr/bin/../lib/gcc/avr/4.3.3/../../../../avr/lib/avr5\libc.a(ultoa_invert.o)
                              d:/all_courses/embeded system/01- full embedded systems diploma/new folder/imt_sdk_win_64/winavr/bin/../lib/gcc/avr/4.3.3/../../../../avr/lib/avr5\libc.a(vfprintf_std.o) (__ultoa_invert)
d:/all_courses/embeded system/01- full embedded systems diploma/new folder/imt_sdk_win_64/winavr/bin/../lib/gcc/avr/4.3.3/avr5\libgcc.a(_prologue.o)
                              d:/all_courses/embeded system/01- full embedded systems diploma/new folder/imt_sdk_win_64/winavr/bin/../lib/gcc/avr/4.3.3/../../../../avr/lib/avr5\libc.a(printf.o) (__prologue_saves__)
d:/all_courses/embeded system/01- full embedded systems diploma/new folder/imt_sdk_win_64/winavr/bin/../lib/gcc/avr/4.3.3/avr5\libgcc.a(_epilogue.o)
                              d:/all_courses/embeded system/01- full embedded systems diploma/new folder/imt_sdk_win_64/winavr/bin/../lib/gcc/avr/4.3.3/../../../../avr/lib/avr5\libc.a(printf.o) (__epilogue_restores__)

Allocating common symbols
Common symbol       size              file

Task_FIFO           0xe               ./main.o
Task_Buffer         0x5               ./main.o
SemCounter          0x2               ./main.o
SemBinary           0x2               ./main.o
__iob               0x6               d:/all_courses/embeded system/01- full embedded systems diploma/new folder/imt_sdk_win_64/winavr/bin/../lib/gcc/avr/4.3.3/../../../../avr/lib/avr5\libc.a(iob.o)

Memory Configuration

Name             Origin             Length             Attributes
text             0x00000000         0x00020000         xr
data             0x00800060         0x0000ffa0         rw !x
eeprom           0x00810000         0x00010000         rw !x
fuse             0x00820000         0x00000400         rw !x
lock             0x00830000         0x00000400         rw !x
signature        0x00840000         0x00000400         rw !x
*default*        0x00000000         0xffffffff

Linker script and memory map

LOAD d:/all_courses/embeded system/01- full embedded systems diploma/new folder/imt_sdk_win_64/winavr/bin/../lib/gcc/avr/4.3.3/../../../../avr/lib/avr5/crtm32.o
LOAD ./DIO_program.o
LOAD ./GIE_program.o
LOAD ./LED_program.o
LOAD ./PORT_program.o
LOAD ./Queue.o
LOAD ./RTOS_program.o
LOAD ./Semaphore.o
LOAD ./TIMER0_program.o
LOAD ./main.o
LOAD d:/all_courses/embeded system/01- full embedded systems diploma/new folder/imt_sdk_win_64/winavr/bin/../lib/gcc/avr/4.3.3/avr5\libgcc.a
LOAD d:/all_courses/embeded system/01- full embedded systems diploma/new folder/imt_sdk_win_64/winavr/bin/../lib/gcc/avr/4.3.3/../../../../avr/lib/avr5\libc.a
LOAD d:/all_courses/embeded system/01- full embedded systems diploma/new folder/imt_sdk_win_64/winavr/bin/../lib/gcc/avr/4.3.3/avr5\libgcc.a

.hash
 *(.hash)

.dynsym
 *(.dynsym)

.dynstr
 *(.dynstr)

.gnu.version
 *(.gnu.version)

.gnu.version_d
 *(.gnu.version_d)

.gnu.version_r
 *(.gnu.version_r)

.rel.init
 *(.rel.init)

.rela.init
 *(.rela.init)

.rel.text
 *(.rel.text)
 *(.rel.text.*)
 *(.rel.gnu.linkonce.t*)

.rela.text
 *(.rela.text)
 *(.rela.text.*)
 *(.rela.gnu.linkonce.t*)

.rel.fini
 *(.rel.fini)

.rela.fini
 *(.rela.fini)

.rel.rodata
 *(.rel.rodata)
 *(.rel.rodata.*)
 *(.rel.gnu.linkonce.r*)

.rela.rodata
 *(.rela.rodata)
 *(.rela.rodata.*)
 *(.rela.gnu.linkonce.r*)

.rel.data
 *(.rel.data)
 *(.rel.data.*)
 *(.rel.gnu.linkonce.d*)

.rela.data
 *(.rela.data)
 *(.rela.data.*)
 *(.rela.gnu.linkonce.d*)

.rel.ctors
 *(.rel.ctors)

.rela.ctors
 *(.rela.ctors)

.rel.dtors
 *(.rel.dtors)

.rela.dtors
 *(.rela.dtors)

.rel.got
 *(.rel.got)

.rela.got
 *(.rela.got)

.rel.bss
 *(.rel.bss)

.rela.bss
 *(.rela.bss)

.rel.plt
 *(.rel.plt)

.rela.plt
 *(.rela.plt)

.text           0x00000000     0x1c0a
 *(.vectors)
 .vectors       0x00000000       0x54 d:/all_courses/embeded system/01- full embedded systems diploma/new folder/imt_sdk_win_64/winavr/bin/../lib/gcc/avr/4.3.3/../../../../avr/lib/avr5/crtm32.o
                0x00000000                __vectors
                0x00000000                __vector_default
 *(.vectors)
 *(.progmem.gcc*)
 *(.progmem*)
                0x00000054                . = ALIGN (0x2)
                0x00000054                __trampolines_start = .
 *(.trampolines)
 .trampolines   0x00000054        0x0 linker stubs
 *(.trampolines*)
                0x00000054                __trampolines_end = .
 *(.jumptables)
 *(.jumptables*)
 *(.lowtext)
 *(.lowtext*)
                0x00000054                __ctors_start = .
 *(.ctors)
                0x00000054                __ctors_end = .
                0x00000054                __dtors_start = .
 *(.dtors)
                0x00000054                __dtors_end = .
 SORT(*)(.ctors)
 SORT(*)(.dtors)
 *(.init0)
 .init0         0x00000054        0x0 d:/all_courses/embeded system/01- full embedded systems diploma/new folder/imt_sdk_win_64/winavr/bin/../lib/gcc/avr/4.3.3/../../../../avr/lib/avr5/crtm32.o
                0x00000054                __init
 *(.init0)
 *(.init1)
 *(.init1)
 *(.init2)
 .init2         0x00000054        0xc d:/all_courses/embeded system/01- full embedded systems diploma/new folder/imt_sdk_win_64/winavr/bin/../lib/gcc/avr/4.3.3/../../../../avr/lib/avr5/crtm32.o
 *(.init2)
 *(.init3)
 *(.init3)
 *(.init4)
 .init4         0x00000060       0x16 d:/all_courses/embeded system/01- full embedded systems diploma/new folder/imt_sdk_win_64/winavr/bin/../lib/gcc/avr/4.3.3/avr5\libgcc.a(_copy_data.o)
                0x00000060                __do_copy_data
 .init4         0x00000076       0x10 d:/all_courses/embeded system/01- full embedded systems diploma/new folder/imt_sdk_win_64/winavr/bin/../lib/gcc/avr/4.3.3/avr5\libgcc.a(_clear_bss.o)
                0x00000076                __do_clear_bss
 *(.init4)
 *(.init5)
 *(.init5)
 *(.init6)
 *(.init6)
 *(.init7)
 *(.init7)
 *(.init8)
 *(.init8)
 *(.init9)
 .init9         0x00000086        0x8 d:/all_courses/embeded system/01- full embedded systems diploma/new folder/imt_sdk_win_64/winavr/bin/../lib/gcc/avr/4.3.3/../../../../avr/lib/avr5/crtm32.o
 *(.init9)
 *(.text)
 .text          0x0000008e        0x4 d:/all_courses/embeded system/01- full embedded systems diploma/new folder/imt_sdk_win_64/winavr/bin/../lib/gcc/avr/4.3.3/../../../../avr/lib/avr5/crtm32.o
                0x0000008e                __vector_1
                0x0000008e                __vector_12
                0x0000008e                __bad_interrupt
                0x0000008e                __vector_6
                0x0000008e                __vector_3
                0x0000008e                __vector_11
                0x0000008e                __vector_13
                0x0000008e                __vector_17
                0x0000008e                __vector_19
                0x0000008e                __vector_7
                0x0000008e                __vector_5
                0x0000008e                __vector_4
                0x0000008e                __vector_9
                0x0000008e                __vector_2
                0x0000008e                __vector_15
                0x0000008e                __vector_8
                0x0000008e                __vector_14
                0x0000008e                __vector_16
                0x0000008e                __vector_18
                0x0000008e                __vector_20
 .text          0x00000092        0x0 ./DIO_program.o
 .text          0x00000092        0x0 ./GIE_program.o
 .text          0x00000092        0x0 ./LED_program.o
 .text          0x00000092        0x0 ./PORT_program.o
 .text          0x00000092        0x0 ./Queue.o
 .text          0x00000092        0x0 ./RTOS_program.o
 .text          0x00000092        0x0 ./Semaphore.o
 .text          0x00000092        0x0 ./TIMER0_program.o
 .text          0x00000092        0x0 ./main.o
 .text          0x00000092        0x0 d:/all_courses/embeded system/01- full embedded systems diploma/new folder/imt_sdk_win_64/winavr/bin/../lib/gcc/avr/4.3.3/avr5\libgcc.a(_exit.o)
 .text          0x00000092        0x0 d:/all_courses/embeded system/01- full embedded systems diploma/new folder/imt_sdk_win_64/winavr/bin/../lib/gcc/avr/4.3.3/avr5\libgcc.a(_copy_data.o)
 .text          0x00000092        0x0 d:/all_courses/embeded system/01- full embedded systems diploma/new folder/imt_sdk_win_64/winavr/bin/../lib/gcc/avr/4.3.3/avr5\libgcc.a(_clear_bss.o)
 .text          0x00000092        0x0 d:/all_courses/embeded system/01- full embedded systems diploma/new folder/imt_sdk_win_64/winavr/bin/../lib/gcc/avr/4.3.3/../../../../avr/lib/avr5\libc.a(printf.o)
 .text          0x00000092        0x0 d:/all_courses/embeded system/01- full embedded systems diploma/new folder/imt_sdk_win_64/winavr/bin/../lib/gcc/avr/4.3.3/../../../../avr/lib/avr5\libc.a(puts.o)
 .text          0x00000092        0x0 d:/all_courses/embeded system/01- full embedded systems diploma/new folder/imt_sdk_win_64/winavr/bin/../lib/gcc/avr/4.3.3/../../../../avr/lib/avr5\libc.a(vfprintf_std.o)
 .text          0x00000092        0x0 d:/all_courses/embeded system/01- full embedded systems diploma/new folder/imt_sdk_win_64/winavr/bin/../lib/gcc/avr/4.3.3/../../../../avr/lib/avr5\libc.a(strnlen_P.o)
 .text          0x00000092        0x0 d:/all_courses/embeded system/01- full embedded systems diploma/new folder/imt_sdk_win_64/winavr/bin/../lib/gcc/avr/4.3.3/../../../../avr/lib/avr5\libc.a(strnlen.o)
 .text          0x00000092        0x0 d:/all_courses/embeded system/01- full embedded systems diploma/new folder/imt_sdk_win_64/winavr/bin/../lib/gcc/avr/4.3.3/../../../../avr/lib/avr5\libc.a(fputc.o)
 .text          0x00000092        0x0 d:/all_courses/embeded system/01- full embedded systems diploma/new folder/imt_sdk_win_64/winavr/bin/../lib/gcc/avr/4.3.3/../../../../avr/lib/avr5\libc.a(iob.o)
 .text          0x00000092        0x0 d:/all_courses/embeded system/01- full embedded systems diploma/new folder/imt_sdk_win_64/winavr/bin/../lib/gcc/avr/4.3.3/../../../../avr/lib/avr5\libc.a(ultoa_invert.o)
 .text          0x00000092        0x0 d:/all_courses/embeded system/01- full embedded systems diploma/new folder/imt_sdk_win_64/winavr/bin/../lib/gcc/avr/4.3.3/avr5\libgcc.a(_prologue.o)
 .text          0x00000092        0x0 d:/all_courses/embeded system/01- full embedded systems diploma/new folder/imt_sdk_win_64/winavr/bin/../lib/gcc/avr/4.3.3/avr5\libgcc.a(_epilogue.o)
                0x00000092                . = ALIGN (0x2)
 *(.text.*)
 .text.DIO_u8SetPinDirecton
                0x00000092      0x224 ./DIO_program.o
                0x00000092                DIO_u8SetPinDirecton
 .text.DIO_u8SetPortDirecton
                0x000002b6       0x90 ./DIO_program.o
                0x000002b6                DIO_u8SetPortDirecton
 .text.DIO_u8SetPinValue
                0x00000346      0x224 ./DIO_program.o
                0x00000346                DIO_u8SetPinValue
 .text.DIO_u8SetPortValue
                0x0000056a       0x90 ./DIO_program.o
                0x0000056a                DIO_u8SetPortValue
 .text.DIO_u8GetPinValue
                0x000005fa      0x136 ./DIO_program.o
                0x000005fa                DIO_u8GetPinValue
 .text.GIE_voidEnable
                0x00000730       0x1c ./GIE_program.o
                0x00000730                GIE_voidEnable
 .text.GIE_voidDisable
                0x0000074c       0x1c ./GIE_program.o
                0x0000074c                GIE_voidDisable
 .text.LED_voidToggle
                0x00000768       0x42 ./LED_program.o
                0x00000768                LED_voidToggle
 .text.PORT_voidInit
                0x000007aa       0x48 ./PORT_program.o
                0x000007aa                PORT_voidInit
 .text.FIFO_Init
                0x000007f2       0x7c ./Queue.o
                0x000007f2                FIFO_Init
 .text.FIFO_Enqueue
                0x0000086e       0xb4 ./Queue.o
                0x0000086e                FIFO_Enqueue
 .text.FIFO_Dequeue
                0x00000922       0xb0 ./Queue.o
                0x00000922                FIFO_Dequeue
 .text.FIFO_PrintAll
                0x000009d2      0x108 ./Queue.o
                0x000009d2                FIFO_PrintAll
 .text.RTOS_voidStart
                0x00000ada       0x1e ./RTOS_program.o
                0x00000ada                RTOS_voidStart
 .text.RTOS_voidNewTask
                0x00000af8      0x1f8 ./RTOS_program.o
                0x00000af8                RTOS_voidNewTask
 .text.void_schedular
                0x00000cf0      0x298 ./RTOS_program.o
 .text.RTOS_voidDeleteTask
                0x00000f88       0xf6 ./RTOS_program.o
                0x00000f88                RTOS_voidDeleteTask
 .text.RTOS_voidResumeTask
                0x0000107e       0xf6 ./RTOS_program.o
                0x0000107e                RTOS_voidResumeTask
 .text.RTOS_voidSuspendTask
                0x00001174       0xf6 ./RTOS_program.o
                0x00001174                RTOS_voidSuspendTask
 .text.Semaphore_voidBinaryCreate
                0x0000126a       0x78 ./Semaphore.o
                0x0000126a                Semaphore_voidBinaryCreate
 .text.Semaphore_Binary_enuTake
                0x000012e2       0x3e ./Semaphore.o
                0x000012e2                Semaphore_Binary_enuTake
 .text.Semaphore_Binary_enuGive
                0x00001320       0x2a ./Semaphore.o
                0x00001320                Semaphore_Binary_enuGive
 .text.Semaphore_voidCounnterCreate
                0x0000134a       0x52 ./Semaphore.o
                0x0000134a                Semaphore_voidCounnterCreate
 .text.Semaphore_Counter_enuTake
                0x0000139c       0x1a ./Semaphore.o
                0x0000139c                Semaphore_Counter_enuTake
 .text.Semaphore_Counter_enuGive
                0x000013b6       0x1a ./Semaphore.o
                0x000013b6                Semaphore_Counter_enuGive
 .text.TIMER0_voidInit
                0x000013d0       0x86 ./TIMER0_program.o
                0x000013d0                TIMER0_voidInit
 .text.TIMER0_voidSetCallBackFun
                0x00001456       0x24 ./TIMER0_program.o
                0x00001456                TIMER0_voidSetCallBackFun
 .text.__vector_10
                0x0000147a       0x5a ./TIMER0_program.o
                0x0000147a                __vector_10
 .text.main     0x000014d4       0x78 ./main.o
                0x000014d4                main
 .text.LED1     0x0000154c       0x36 ./main.o
                0x0000154c                LED1
 .text.LED2     0x00001582       0x60 ./main.o
                0x00001582                LED2
 .text.LED3     0x000015e2       0x28 ./main.o
                0x000015e2                LED3
 .text.libgcc   0x0000160a        0x0 d:/all_courses/embeded system/01- full embedded systems diploma/new folder/imt_sdk_win_64/winavr/bin/../lib/gcc/avr/4.3.3/avr5\libgcc.a(_exit.o)
 .text.libgcc   0x0000160a        0x0 d:/all_courses/embeded system/01- full embedded systems diploma/new folder/imt_sdk_win_64/winavr/bin/../lib/gcc/avr/4.3.3/avr5\libgcc.a(_copy_data.o)
 .text.libgcc   0x0000160a        0x0 d:/all_courses/embeded system/01- full embedded systems diploma/new folder/imt_sdk_win_64/winavr/bin/../lib/gcc/avr/4.3.3/avr5\libgcc.a(_clear_bss.o)
 .text.avr-libc
                0x0000160a       0x2a d:/all_courses/embeded system/01- full embedded systems diploma/new folder/imt_sdk_win_64/winavr/bin/../lib/gcc/avr/4.3.3/../../../../avr/lib/avr5\libc.a(printf.o)
                0x0000160a                printf
 .text.avr-libc
                0x00001634       0x6a d:/all_courses/embeded system/01- full embedded systems diploma/new folder/imt_sdk_win_64/winavr/bin/../lib/gcc/avr/4.3.3/../../../../avr/lib/avr5\libc.a(puts.o)
                0x00001634                puts
 .text.avr-libc
                0x0000169e      0x3ba d:/all_courses/embeded system/01- full embedded systems diploma/new folder/imt_sdk_win_64/winavr/bin/../lib/gcc/avr/4.3.3/../../../../avr/lib/avr5\libc.a(vfprintf_std.o)
                0x0000169e                vfprintf
 .text.avr-libc
                0x00001a58       0x16 d:/all_courses/embeded system/01- full embedded systems diploma/new folder/imt_sdk_win_64/winavr/bin/../lib/gcc/avr/4.3.3/../../../../avr/lib/avr5\libc.a(strnlen_P.o)
                0x00001a58                strnlen_P
 .text.avr-libc
                0x00001a6e       0x16 d:/all_courses/embeded system/01- full embedded systems diploma/new folder/imt_sdk_win_64/winavr/bin/../lib/gcc/avr/4.3.3/../../../../avr/lib/avr5\libc.a(strnlen.o)
                0x00001a6e                strnlen
 .text.avr-libc
                0x00001a84       0x58 d:/all_courses/embeded system/01- full embedded systems diploma/new folder/imt_sdk_win_64/winavr/bin/../lib/gcc/avr/4.3.3/../../../../avr/lib/avr5\libc.a(fputc.o)
                0x00001a84                fputc
 .text.avr-libc
                0x00001adc       0xbc d:/all_courses/embeded system/01- full embedded systems diploma/new folder/imt_sdk_win_64/winavr/bin/../lib/gcc/avr/4.3.3/../../../../avr/lib/avr5\libc.a(ultoa_invert.o)
                0x00001adc                __ultoa_invert
 .text.libgcc   0x00001b98       0x38 d:/all_courses/embeded system/01- full embedded systems diploma/new folder/imt_sdk_win_64/winavr/bin/../lib/gcc/avr/4.3.3/avr5\libgcc.a(_prologue.o)
                0x00001b98                __prologue_saves__
 .text.libgcc   0x00001bd0       0x36 d:/all_courses/embeded system/01- full embedded systems diploma/new folder/imt_sdk_win_64/winavr/bin/../lib/gcc/avr/4.3.3/avr5\libgcc.a(_epilogue.o)
                0x00001bd0                __epilogue_restores__
                0x00001c06                . = ALIGN (0x2)
 *(.fini9)
 .fini9         0x00001c06        0x0 d:/all_courses/embeded system/01- full embedded systems diploma/new folder/imt_sdk_win_64/winavr/bin/../lib/gcc/avr/4.3.3/avr5\libgcc.a(_exit.o)
                0x00001c06                exit
                0x00001c06                _exit
 *(.fini9)
 *(.fini8)
 *(.fini8)
 *(.fini7)
 *(.fini7)
 *(.fini6)
 *(.fini6)
 *(.fini5)
 *(.fini5)
 *(.fini4)
 *(.fini4)
 *(.fini3)
 *(.fini3)
 *(.fini2)
 *(.fini2)
 *(.fini1)
 *(.fini1)
 *(.fini0)
 .fini0         0x00001c06        0x4 d:/all_courses/embeded system/01- full embedded systems diploma/new folder/imt_sdk_win_64/winavr/bin/../lib/gcc/avr/4.3.3/avr5\libgcc.a(_exit.o)
 *(.fini0)
                0x00001c0a                _etext = .

.data           0x00800060       0x7e load address 0x00001c0a
                0x00800060                PROVIDE (__data_start, .)
 *(.data)
 .data          0x00800060        0x0 d:/all_courses/embeded system/01- full embedded systems diploma/new folder/imt_sdk_win_64/winavr/bin/../lib/gcc/avr/4.3.3/../../../../avr/lib/avr5/crtm32.o
 .data          0x00800060        0x0 ./DIO_program.o
 .data          0x00800060        0x0 ./GIE_program.o
 .data          0x00800060        0x0 ./LED_program.o
 .data          0x00800060        0x0 ./PORT_program.o
 .data          0x00800060       0x7b ./Queue.o
 .data          0x008000db        0x0 ./RTOS_program.o
 .data          0x008000db        0x0 ./Semaphore.o
 .data          0x008000db        0x0 ./TIMER0_program.o
 .data          0x008000db        0x0 ./main.o
 .data          0x008000db        0x0 d:/all_courses/embeded system/01- full embedded systems diploma/new folder/imt_sdk_win_64/winavr/bin/../lib/gcc/avr/4.3.3/avr5\libgcc.a(_exit.o)
 .data          0x008000db        0x0 d:/all_courses/embeded system/01- full embedded systems diploma/new folder/imt_sdk_win_64/winavr/bin/../lib/gcc/avr/4.3.3/avr5\libgcc.a(_copy_data.o)
 .data          0x008000db        0x0 d:/all_courses/embeded system/01- full embedded systems diploma/new folder/imt_sdk_win_64/winavr/bin/../lib/gcc/avr/4.3.3/avr5\libgcc.a(_clear_bss.o)
 .data          0x008000db        0x0 d:/all_courses/embeded system/01- full embedded systems diploma/new folder/imt_sdk_win_64/winavr/bin/../lib/gcc/avr/4.3.3/../../../../avr/lib/avr5\libc.a(printf.o)
 .data          0x008000db        0x0 d:/all_courses/embeded system/01- full embedded systems diploma/new folder/imt_sdk_win_64/winavr/bin/../lib/gcc/avr/4.3.3/../../../../avr/lib/avr5\libc.a(puts.o)
 .data          0x008000db        0x0 d:/all_courses/embeded system/01- full embedded systems diploma/new folder/imt_sdk_win_64/winavr/bin/../lib/gcc/avr/4.3.3/../../../../avr/lib/avr5\libc.a(vfprintf_std.o)
 .data          0x008000db        0x0 d:/all_courses/embeded system/01- full embedded systems diploma/new folder/imt_sdk_win_64/winavr/bin/../lib/gcc/avr/4.3.3/../../../../avr/lib/avr5\libc.a(strnlen_P.o)
 .data          0x008000db        0x0 d:/all_courses/embeded system/01- full embedded systems diploma/new folder/imt_sdk_win_64/winavr/bin/../lib/gcc/avr/4.3.3/../../../../avr/lib/avr5\libc.a(strnlen.o)
 .data          0x008000db        0x0 d:/all_courses/embeded system/01- full embedded systems diploma/new folder/imt_sdk_win_64/winavr/bin/../lib/gcc/avr/4.3.3/../../../../avr/lib/avr5\libc.a(fputc.o)
 .data          0x008000db        0x0 d:/all_courses/embeded system/01- full embedded systems diploma/new folder/imt_sdk_win_64/winavr/bin/../lib/gcc/avr/4.3.3/../../../../avr/lib/avr5\libc.a(iob.o)
 .data          0x008000db        0x0 d:/all_courses/embeded system/01- full embedded systems diploma/new folder/imt_sdk_win_64/winavr/bin/../lib/gcc/avr/4.3.3/../../../../avr/lib/avr5\libc.a(ultoa_invert.o)
 .data          0x008000db        0x0 d:/all_courses/embeded system/01- full embedded systems diploma/new folder/imt_sdk_win_64/winavr/bin/../lib/gcc/avr/4.3.3/avr5\libgcc.a(_prologue.o)
 .data          0x008000db        0x0 d:/all_courses/embeded system/01- full embedded systems diploma/new folder/imt_sdk_win_64/winavr/bin/../lib/gcc/avr/4.3.3/avr5\libgcc.a(_epilogue.o)
 *(.data*)
 .data.Local_u8PinStat.1543
                0x008000db        0x1 ./main.o
 .data.Local_u8PinStat.1555
                0x008000dc        0x1 ./main.o
 *(.rodata)
 *(.rodata*)
 *(.gnu.linkonce.d*)
                0x008000de                . = ALIGN (0x2)
 *fill*         0x008000dd        0x1 00
                0x008000de                _edata = .
                0x008000de                PROVIDE (__data_end, .)

.bss            0x008000de       0x4c
                0x008000de                PROVIDE (__bss_start, .)
 *(.bss)
 .bss           0x008000de        0x0 d:/all_courses/embeded system/01- full embedded systems diploma/new folder/imt_sdk_win_64/winavr/bin/../lib/gcc/avr/4.3.3/../../../../avr/lib/avr5/crtm32.o
 .bss           0x008000de        0x0 ./DIO_program.o
 .bss           0x008000de        0x0 ./GIE_program.o
 .bss           0x008000de        0x0 ./LED_program.o
 .bss           0x008000de        0x0 ./PORT_program.o
 .bss           0x008000de        0x0 ./Queue.o
 .bss           0x008000de        0x0 ./RTOS_program.o
 .bss           0x008000de        0x0 ./Semaphore.o
 .bss           0x008000de        0x0 ./TIMER0_program.o
 .bss           0x008000de        0x0 ./main.o
 .bss           0x008000de        0x0 d:/all_courses/embeded system/01- full embedded systems diploma/new folder/imt_sdk_win_64/winavr/bin/../lib/gcc/avr/4.3.3/avr5\libgcc.a(_exit.o)
 .bss           0x008000de        0x0 d:/all_courses/embeded system/01- full embedded systems diploma/new folder/imt_sdk_win_64/winavr/bin/../lib/gcc/avr/4.3.3/avr5\libgcc.a(_copy_data.o)
 .bss           0x008000de        0x0 d:/all_courses/embeded system/01- full embedded systems diploma/new folder/imt_sdk_win_64/winavr/bin/../lib/gcc/avr/4.3.3/avr5\libgcc.a(_clear_bss.o)
 .bss           0x008000de        0x0 d:/all_courses/embeded system/01- full embedded systems diploma/new folder/imt_sdk_win_64/winavr/bin/../lib/gcc/avr/4.3.3/../../../../avr/lib/avr5\libc.a(printf.o)
 .bss           0x008000de        0x0 d:/all_courses/embeded system/01- full embedded systems diploma/new folder/imt_sdk_win_64/winavr/bin/../lib/gcc/avr/4.3.3/../../../../avr/lib/avr5\libc.a(puts.o)
 .bss           0x008000de        0x0 d:/all_courses/embeded system/01- full embedded systems diploma/new folder/imt_sdk_win_64/winavr/bin/../lib/gcc/avr/4.3.3/../../../../avr/lib/avr5\libc.a(vfprintf_std.o)
 .bss           0x008000de        0x0 d:/all_courses/embeded system/01- full embedded systems diploma/new folder/imt_sdk_win_64/winavr/bin/../lib/gcc/avr/4.3.3/../../../../avr/lib/avr5\libc.a(strnlen_P.o)
 .bss           0x008000de        0x0 d:/all_courses/embeded system/01- full embedded systems diploma/new folder/imt_sdk_win_64/winavr/bin/../lib/gcc/avr/4.3.3/../../../../avr/lib/avr5\libc.a(strnlen.o)
 .bss           0x008000de        0x0 d:/all_courses/embeded system/01- full embedded systems diploma/new folder/imt_sdk_win_64/winavr/bin/../lib/gcc/avr/4.3.3/../../../../avr/lib/avr5\libc.a(fputc.o)
 .bss           0x008000de        0x0 d:/all_courses/embeded system/01- full embedded systems diploma/new folder/imt_sdk_win_64/winavr/bin/../lib/gcc/avr/4.3.3/../../../../avr/lib/avr5\libc.a(iob.o)
 .bss           0x008000de        0x0 d:/all_courses/embeded system/01- full embedded systems diploma/new folder/imt_sdk_win_64/winavr/bin/../lib/gcc/avr/4.3.3/../../../../avr/lib/avr5\libc.a(ultoa_invert.o)
 .bss           0x008000de        0x0 d:/all_courses/embeded system/01- full embedded systems diploma/new folder/imt_sdk_win_64/winavr/bin/../lib/gcc/avr/4.3.3/avr5\libgcc.a(_prologue.o)
 .bss           0x008000de        0x0 d:/all_courses/embeded system/01- full embedded systems diploma/new folder/imt_sdk_win_64/winavr/bin/../lib/gcc/avr/4.3.3/avr5\libgcc.a(_epilogue.o)
 *(.bss*)
 .bss.Local_u8LedState.1193
                0x008000de        0x1 ./LED_program.o
 .bss.System_Tasks
                0x008000df       0x2a ./RTOS_program.o
                0x008000df                System_Tasks
 .bss.GlobalPFunc
                0x00800109        0x2 ./TIMER0_program.o
                0x00800109                GlobalPFunc
 .bss.Read2.1542
                0x0080010b        0x1 ./main.o
 .bss.Read1.1541
                0x0080010c        0x1 ./main.o
 *(COMMON)
 COMMON         0x0080010d       0x17 ./main.o
                0x0080010d                Task_FIFO
                0x0080011b                Task_Buffer
                0x00800120                SemCounter
                0x00800122                SemBinary
 COMMON         0x00800124        0x6 d:/all_courses/embeded system/01- full embedded systems diploma/new folder/imt_sdk_win_64/winavr/bin/../lib/gcc/avr/4.3.3/../../../../avr/lib/avr5\libc.a(iob.o)
                0x00800124                __iob
                0x0080012a                PROVIDE (__bss_end, .)
                0x00001c0a                __data_load_start = LOADADDR (.data)
                0x00001c88                __data_load_end = (__data_load_start + SIZEOF (.data))

.noinit         0x0080012a        0x0
                0x0080012a                PROVIDE (__noinit_start, .)
 *(.noinit*)
                0x0080012a                PROVIDE (__noinit_end, .)
                0x0080012a                _end = .
                0x0080012a                PROVIDE (__heap_start, .)

.eeprom         0x00810000        0x0
 *(.eeprom*)
                0x00810000                __eeprom_end = .

.fuse
 *(.fuse)
 *(.lfuse)
 *(.hfuse)
 *(.efuse)

.lock
 *(.lock*)

.signature
 *(.signature*)

.stab           0x00000000     0x2034
 *(.stab)
 .stab          0x00000000      0x660 ./DIO_program.o
 .stab          0x00000660      0x144 ./GIE_program.o
                                0x1bc (size before relaxing)
 .stab          0x000007a4      0x168 ./LED_program.o
                                0x1e0 (size before relaxing)
 .stab          0x0000090c      0x168 ./PORT_program.o
                                0x1e0 (size before relaxing)
 .stab          0x00000a74      0x624 ./Queue.o
                                0x69c (size before relaxing)
 .stab          0x00001098      0x66c ./RTOS_program.o
                                0x6e4 (size before relaxing)
 .stab          0x00001704      0x390 ./Semaphore.o
                                0x408 (size before relaxing)
 .stab          0x00001a94      0x1ec ./TIMER0_program.o
                                0x264 (size before relaxing)
 .stab          0x00001c80      0x3b4 ./main.o
                                0x690 (size before relaxing)

.stabstr        0x00000000     0x141f
 *(.stabstr)
 .stabstr       0x00000000     0x141f ./DIO_program.o

.stab.excl
 *(.stab.excl)

.stab.exclstr
 *(.stab.exclstr)

.stab.index
 *(.stab.index)

.stab.indexstr
 *(.stab.indexstr)

.comment
 *(.comment)

.debug
 *(.debug)

.line
 *(.line)

.debug_srcinfo
 *(.debug_srcinfo)

.debug_sfnames
 *(.debug_sfnames)

.debug_aranges
 *(.debug_aranges)

.debug_pubnames
 *(.debug_pubnames)

.debug_info
 *(.debug_info)
 *(.gnu.linkonce.wi.*)

.debug_abbrev
 *(.debug_abbrev)

.debug_line
 *(.debug_line)

.debug_frame
 *(.debug_frame)

.debug_str
 *(.debug_str)

.debug_loc
 *(.debug_loc)

.debug_macinfo
 *(.debug_macinfo)
OUTPUT(Full_Version_RTOS.elf elf32-avr)
LOAD linker stubs
