Archive member included because of file (symbol)

d:/all_courses/embeded system/01- full embedded systems diploma/new folder/imt_sdk_win_64/winavr/bin/../lib/gcc/avr/4.3.3/avr5\libgcc.a(_exit.o)
                              d:/all_courses/embeded system/01- full embedded systems diploma/new folder/imt_sdk_win_64/winavr/bin/../lib/gcc/avr/4.3.3/../../../../avr/lib/avr5/crtm32.o (exit)
d:/all_courses/embeded system/01- full embedded systems diploma/new folder/imt_sdk_win_64/winavr/bin/../lib/gcc/avr/4.3.3/avr5\libgcc.a(_copy_data.o)
                              ./main.o (__do_copy_data)
d:/all_courses/embeded system/01- full embedded systems diploma/new folder/imt_sdk_win_64/winavr/bin/../lib/gcc/avr/4.3.3/avr5\libgcc.a(_clear_bss.o)
                              ./LED_program.o (__do_clear_bss)

Memory Configuration

Name             Origin             Length             Attributes
text             0x00000000         0x00020000         xr
data             0x00800060         0x0000ffa0         rw !x
eeprom           0x00810000         0x00010000         rw !x
fuse             0x00820000         0x00000400         rw !x
lock             0x00830000         0x00000400         rw !x
signature        0x00840000         0x00000400         rw !x
*default*        0x00000000         0xffffffff

Linker script and memory map

LOAD d:/all_courses/embeded system/01- full embedded systems diploma/new folder/imt_sdk_win_64/winavr/bin/../lib/gcc/avr/4.3.3/../../../../avr/lib/avr5/crtm32.o
LOAD ./DIO_program.o
LOAD ./GIE_program.o
LOAD ./LED_program.o
LOAD ./PORT_program.o
LOAD ./RTOS_program.o
LOAD ./TIMER0_program.o
LOAD ./main.o
LOAD d:/all_courses/embeded system/01- full embedded systems diploma/new folder/imt_sdk_win_64/winavr/bin/../lib/gcc/avr/4.3.3/avr5\libgcc.a
LOAD d:/all_courses/embeded system/01- full embedded systems diploma/new folder/imt_sdk_win_64/winavr/bin/../lib/gcc/avr/4.3.3/../../../../avr/lib/avr5\libc.a
LOAD d:/all_courses/embeded system/01- full embedded systems diploma/new folder/imt_sdk_win_64/winavr/bin/../lib/gcc/avr/4.3.3/avr5\libgcc.a

.hash
 *(.hash)

.dynsym
 *(.dynsym)

.dynstr
 *(.dynstr)

.gnu.version
 *(.gnu.version)

.gnu.version_d
 *(.gnu.version_d)

.gnu.version_r
 *(.gnu.version_r)

.rel.init
 *(.rel.init)

.rela.init
 *(.rela.init)

.rel.text
 *(.rel.text)
 *(.rel.text.*)
 *(.rel.gnu.linkonce.t*)

.rela.text
 *(.rela.text)
 *(.rela.text.*)
 *(.rela.gnu.linkonce.t*)

.rel.fini
 *(.rel.fini)

.rela.fini
 *(.rela.fini)

.rel.rodata
 *(.rel.rodata)
 *(.rel.rodata.*)
 *(.rel.gnu.linkonce.r*)

.rela.rodata
 *(.rela.rodata)
 *(.rela.rodata.*)
 *(.rela.gnu.linkonce.r*)

.rel.data
 *(.rel.data)
 *(.rel.data.*)
 *(.rel.gnu.linkonce.d*)

.rela.data
 *(.rela.data)
 *(.rela.data.*)
 *(.rela.gnu.linkonce.d*)

.rel.ctors
 *(.rel.ctors)

.rela.ctors
 *(.rela.ctors)

.rel.dtors
 *(.rel.dtors)

.rela.dtors
 *(.rela.dtors)

.rel.got
 *(.rel.got)

.rela.got
 *(.rela.got)

.rel.bss
 *(.rel.bss)

.rela.bss
 *(.rela.bss)

.rel.plt
 *(.rel.plt)

.rela.plt
 *(.rela.plt)

.text           0x00000000      0xd20
 *(.vectors)
 .vectors       0x00000000       0x54 d:/all_courses/embeded system/01- full embedded systems diploma/new folder/imt_sdk_win_64/winavr/bin/../lib/gcc/avr/4.3.3/../../../../avr/lib/avr5/crtm32.o
                0x00000000                __vectors
                0x00000000                __vector_default
 *(.vectors)
 *(.progmem.gcc*)
 *(.progmem*)
                0x00000054                . = ALIGN (0x2)
                0x00000054                __trampolines_start = .
 *(.trampolines)
 .trampolines   0x00000054        0x0 linker stubs
 *(.trampolines*)
                0x00000054                __trampolines_end = .
 *(.jumptables)
 *(.jumptables*)
 *(.lowtext)
 *(.lowtext*)
                0x00000054                __ctors_start = .
 *(.ctors)
                0x00000054                __ctors_end = .
                0x00000054                __dtors_start = .
 *(.dtors)
                0x00000054                __dtors_end = .
 SORT(*)(.ctors)
 SORT(*)(.dtors)
 *(.init0)
 .init0         0x00000054        0x0 d:/all_courses/embeded system/01- full embedded systems diploma/new folder/imt_sdk_win_64/winavr/bin/../lib/gcc/avr/4.3.3/../../../../avr/lib/avr5/crtm32.o
                0x00000054                __init
 *(.init0)
 *(.init1)
 *(.init1)
 *(.init2)
 .init2         0x00000054        0xc d:/all_courses/embeded system/01- full embedded systems diploma/new folder/imt_sdk_win_64/winavr/bin/../lib/gcc/avr/4.3.3/../../../../avr/lib/avr5/crtm32.o
 *(.init2)
 *(.init3)
 *(.init3)
 *(.init4)
 .init4         0x00000060       0x16 d:/all_courses/embeded system/01- full embedded systems diploma/new folder/imt_sdk_win_64/winavr/bin/../lib/gcc/avr/4.3.3/avr5\libgcc.a(_copy_data.o)
                0x00000060                __do_copy_data
 .init4         0x00000076       0x10 d:/all_courses/embeded system/01- full embedded systems diploma/new folder/imt_sdk_win_64/winavr/bin/../lib/gcc/avr/4.3.3/avr5\libgcc.a(_clear_bss.o)
                0x00000076                __do_clear_bss
 *(.init4)
 *(.init5)
 *(.init5)
 *(.init6)
 *(.init6)
 *(.init7)
 *(.init7)
 *(.init8)
 *(.init8)
 *(.init9)
 .init9         0x00000086        0x8 d:/all_courses/embeded system/01- full embedded systems diploma/new folder/imt_sdk_win_64/winavr/bin/../lib/gcc/avr/4.3.3/../../../../avr/lib/avr5/crtm32.o
 *(.init9)
 *(.text)
 .text          0x0000008e        0x4 d:/all_courses/embeded system/01- full embedded systems diploma/new folder/imt_sdk_win_64/winavr/bin/../lib/gcc/avr/4.3.3/../../../../avr/lib/avr5/crtm32.o
                0x0000008e                __vector_1
                0x0000008e                __vector_12
                0x0000008e                __bad_interrupt
                0x0000008e                __vector_6
                0x0000008e                __vector_3
                0x0000008e                __vector_11
                0x0000008e                __vector_13
                0x0000008e                __vector_17
                0x0000008e                __vector_19
                0x0000008e                __vector_7
                0x0000008e                __vector_5
                0x0000008e                __vector_4
                0x0000008e                __vector_9
                0x0000008e                __vector_2
                0x0000008e                __vector_15
                0x0000008e                __vector_8
                0x0000008e                __vector_14
                0x0000008e                __vector_16
                0x0000008e                __vector_18
                0x0000008e                __vector_20
 .text          0x00000092        0x0 ./DIO_program.o
 .text          0x00000092        0x0 ./GIE_program.o
 .text          0x00000092        0x0 ./LED_program.o
 .text          0x00000092        0x0 ./PORT_program.o
 .text          0x00000092        0x0 ./RTOS_program.o
 .text          0x00000092        0x0 ./TIMER0_program.o
 .text          0x00000092        0x0 ./main.o
 .text          0x00000092        0x0 d:/all_courses/embeded system/01- full embedded systems diploma/new folder/imt_sdk_win_64/winavr/bin/../lib/gcc/avr/4.3.3/avr5\libgcc.a(_exit.o)
 .text          0x00000092        0x0 d:/all_courses/embeded system/01- full embedded systems diploma/new folder/imt_sdk_win_64/winavr/bin/../lib/gcc/avr/4.3.3/avr5\libgcc.a(_copy_data.o)
 .text          0x00000092        0x0 d:/all_courses/embeded system/01- full embedded systems diploma/new folder/imt_sdk_win_64/winavr/bin/../lib/gcc/avr/4.3.3/avr5\libgcc.a(_clear_bss.o)
                0x00000092                . = ALIGN (0x2)
 *(.text.*)
 .text.DIO_u8SetPinDirecton
                0x00000092      0x224 ./DIO_program.o
                0x00000092                DIO_u8SetPinDirecton
 .text.DIO_u8SetPortDirecton
                0x000002b6       0x90 ./DIO_program.o
                0x000002b6                DIO_u8SetPortDirecton
 .text.DIO_u8SetPinValue
                0x00000346      0x224 ./DIO_program.o
                0x00000346                DIO_u8SetPinValue
 .text.DIO_u8SetPortValue
                0x0000056a       0x90 ./DIO_program.o
                0x0000056a                DIO_u8SetPortValue
 .text.DIO_u8GetPinValue
                0x000005fa      0x136 ./DIO_program.o
                0x000005fa                DIO_u8GetPinValue
 .text.GIE_voidEnable
                0x00000730       0x1c ./GIE_program.o
                0x00000730                GIE_voidEnable
 .text.GIE_voidDisable
                0x0000074c       0x1c ./GIE_program.o
                0x0000074c                GIE_voidDisable
 .text.LED_voidToggle
                0x00000768       0x42 ./LED_program.o
                0x00000768                LED_voidToggle
 .text.PORT_voidInit
                0x000007aa       0x48 ./PORT_program.o
                0x000007aa                PORT_voidInit
 .text.RTOS_voidStart
                0x000007f2       0x1e ./RTOS_program.o
                0x000007f2                RTOS_voidStart
 .text.RTOS_voidNewTask
                0x00000810       0xd2 ./RTOS_program.o
                0x00000810                RTOS_voidNewTask
 .text.void_schedular
                0x000008e2      0x152 ./RTOS_program.o
 .text.RTOS_voidDeleteTask
                0x00000a34       0x4a ./RTOS_program.o
                0x00000a34                RTOS_voidDeleteTask
 .text.RTOS_voidResumeTask
                0x00000a7e       0x6a ./RTOS_program.o
                0x00000a7e                RTOS_voidResumeTask
 .text.RTOS_voidSuspendTask
                0x00000ae8       0x6a ./RTOS_program.o
                0x00000ae8                RTOS_voidSuspendTask
 .text.TIMER0_voidInit
                0x00000b52       0x86 ./TIMER0_program.o
                0x00000b52                TIMER0_voidInit
 .text.TIMER0_voidSetCallBackFun
                0x00000bd8       0x24 ./TIMER0_program.o
                0x00000bd8                TIMER0_voidSetCallBackFun
 .text.__vector_10
                0x00000bfc       0x5a ./TIMER0_program.o
                0x00000bfc                __vector_10
 .text.main     0x00000c56       0x4e ./main.o
                0x00000c56                main
 .text.LED1     0x00000ca4       0x28 ./main.o
                0x00000ca4                LED1
 .text.LED2     0x00000ccc       0x28 ./main.o
                0x00000ccc                LED2
 .text.LED3     0x00000cf4       0x28 ./main.o
                0x00000cf4                LED3
 .text.libgcc   0x00000d1c        0x0 d:/all_courses/embeded system/01- full embedded systems diploma/new folder/imt_sdk_win_64/winavr/bin/../lib/gcc/avr/4.3.3/avr5\libgcc.a(_exit.o)
 .text.libgcc   0x00000d1c        0x0 d:/all_courses/embeded system/01- full embedded systems diploma/new folder/imt_sdk_win_64/winavr/bin/../lib/gcc/avr/4.3.3/avr5\libgcc.a(_copy_data.o)
 .text.libgcc   0x00000d1c        0x0 d:/all_courses/embeded system/01- full embedded systems diploma/new folder/imt_sdk_win_64/winavr/bin/../lib/gcc/avr/4.3.3/avr5\libgcc.a(_clear_bss.o)
                0x00000d1c                . = ALIGN (0x2)
 *(.fini9)
 .fini9         0x00000d1c        0x0 d:/all_courses/embeded system/01- full embedded systems diploma/new folder/imt_sdk_win_64/winavr/bin/../lib/gcc/avr/4.3.3/avr5\libgcc.a(_exit.o)
                0x00000d1c                exit
                0x00000d1c                _exit
 *(.fini9)
 *(.fini8)
 *(.fini8)
 *(.fini7)
 *(.fini7)
 *(.fini6)
 *(.fini6)
 *(.fini5)
 *(.fini5)
 *(.fini4)
 *(.fini4)
 *(.fini3)
 *(.fini3)
 *(.fini2)
 *(.fini2)
 *(.fini1)
 *(.fini1)
 *(.fini0)
 .fini0         0x00000d1c        0x4 d:/all_courses/embeded system/01- full embedded systems diploma/new folder/imt_sdk_win_64/winavr/bin/../lib/gcc/avr/4.3.3/avr5\libgcc.a(_exit.o)
 *(.fini0)
                0x00000d20                _etext = .

.data           0x00800060        0x4 load address 0x00000d20
                0x00800060                PROVIDE (__data_start, .)
 *(.data)
 .data          0x00800060        0x0 d:/all_courses/embeded system/01- full embedded systems diploma/new folder/imt_sdk_win_64/winavr/bin/../lib/gcc/avr/4.3.3/../../../../avr/lib/avr5/crtm32.o
 .data          0x00800060        0x0 ./DIO_program.o
 .data          0x00800060        0x0 ./GIE_program.o
 .data          0x00800060        0x0 ./LED_program.o
 .data          0x00800060        0x0 ./PORT_program.o
 .data          0x00800060        0x0 ./RTOS_program.o
 .data          0x00800060        0x0 ./TIMER0_program.o
 .data          0x00800060        0x0 ./main.o
 .data          0x00800060        0x0 d:/all_courses/embeded system/01- full embedded systems diploma/new folder/imt_sdk_win_64/winavr/bin/../lib/gcc/avr/4.3.3/avr5\libgcc.a(_exit.o)
 .data          0x00800060        0x0 d:/all_courses/embeded system/01- full embedded systems diploma/new folder/imt_sdk_win_64/winavr/bin/../lib/gcc/avr/4.3.3/avr5\libgcc.a(_copy_data.o)
 .data          0x00800060        0x0 d:/all_courses/embeded system/01- full embedded systems diploma/new folder/imt_sdk_win_64/winavr/bin/../lib/gcc/avr/4.3.3/avr5\libgcc.a(_clear_bss.o)
 *(.data*)
 .data.Local_u8PinStat.1252
                0x00800060        0x1 ./main.o
 .data.Local_u8PinStat.1258
                0x00800061        0x1 ./main.o
 .data.Local_u8PinStat.1264
                0x00800062        0x1 ./main.o
 *(.rodata)
 *(.rodata*)
 *(.gnu.linkonce.d*)
                0x00800064                . = ALIGN (0x2)
 *fill*         0x00800063        0x1 00
                0x00800064                _edata = .
                0x00800064                PROVIDE (__data_end, .)

.bss            0x00800064       0x18
                0x00800064                PROVIDE (__bss_start, .)
 *(.bss)
 .bss           0x00800064        0x0 d:/all_courses/embeded system/01- full embedded systems diploma/new folder/imt_sdk_win_64/winavr/bin/../lib/gcc/avr/4.3.3/../../../../avr/lib/avr5/crtm32.o
 .bss           0x00800064        0x0 ./DIO_program.o
 .bss           0x00800064        0x0 ./GIE_program.o
 .bss           0x00800064        0x0 ./LED_program.o
 .bss           0x00800064        0x0 ./PORT_program.o
 .bss           0x00800064        0x0 ./RTOS_program.o
 .bss           0x00800064        0x0 ./TIMER0_program.o
 .bss           0x00800064        0x0 ./main.o
 .bss           0x00800064        0x0 d:/all_courses/embeded system/01- full embedded systems diploma/new folder/imt_sdk_win_64/winavr/bin/../lib/gcc/avr/4.3.3/avr5\libgcc.a(_exit.o)
 .bss           0x00800064        0x0 d:/all_courses/embeded system/01- full embedded systems diploma/new folder/imt_sdk_win_64/winavr/bin/../lib/gcc/avr/4.3.3/avr5\libgcc.a(_copy_data.o)
 .bss           0x00800064        0x0 d:/all_courses/embeded system/01- full embedded systems diploma/new folder/imt_sdk_win_64/winavr/bin/../lib/gcc/avr/4.3.3/avr5\libgcc.a(_clear_bss.o)
 *(.bss*)
 .bss.Local_u8LedState.1193
                0x00800064        0x1 ./LED_program.o
 .bss.System_Tasks
                0x00800065       0x15 ./RTOS_program.o
                0x00800065                System_Tasks
 .bss.GlobalPFunc
                0x0080007a        0x2 ./TIMER0_program.o
                0x0080007a                GlobalPFunc
 *(COMMON)
                0x0080007c                PROVIDE (__bss_end, .)
                0x00000d20                __data_load_start = LOADADDR (.data)
                0x00000d24                __data_load_end = (__data_load_start + SIZEOF (.data))

.noinit         0x0080007c        0x0
                0x0080007c                PROVIDE (__noinit_start, .)
 *(.noinit*)
                0x0080007c                PROVIDE (__noinit_end, .)
                0x0080007c                _end = .
                0x0080007c                PROVIDE (__heap_start, .)

.eeprom         0x00810000        0x0
 *(.eeprom*)
                0x00810000                __eeprom_end = .

.fuse
 *(.fuse)
 *(.lfuse)
 *(.hfuse)
 *(.efuse)

.lock
 *(.lock*)

.signature
 *(.signature*)

.stab           0x00000000     0x12fc
 *(.stab)
 .stab          0x00000000      0x660 ./DIO_program.o
 .stab          0x00000660      0x144 ./GIE_program.o
                                0x1bc (size before relaxing)
 .stab          0x000007a4      0x168 ./LED_program.o
                                0x1e0 (size before relaxing)
 .stab          0x0000090c      0x168 ./PORT_program.o
                                0x1e0 (size before relaxing)
 .stab          0x00000a74      0x3fc ./RTOS_program.o
                                0x474 (size before relaxing)
 .stab          0x00000e70      0x1ec ./TIMER0_program.o
                                0x264 (size before relaxing)
 .stab          0x0000105c      0x2a0 ./main.o
                                0x33c (size before relaxing)

.stabstr        0x00000000      0x858
 *(.stabstr)
 .stabstr       0x00000000      0x858 ./DIO_program.o

.stab.excl
 *(.stab.excl)

.stab.exclstr
 *(.stab.exclstr)

.stab.index
 *(.stab.index)

.stab.indexstr
 *(.stab.indexstr)

.comment
 *(.comment)

.debug
 *(.debug)

.line
 *(.line)

.debug_srcinfo
 *(.debug_srcinfo)

.debug_sfnames
 *(.debug_sfnames)

.debug_aranges
 *(.debug_aranges)

.debug_pubnames
 *(.debug_pubnames)

.debug_info
 *(.debug_info)
 *(.gnu.linkonce.wi.*)

.debug_abbrev
 *(.debug_abbrev)

.debug_line
 *(.debug_line)

.debug_frame
 *(.debug_frame)

.debug_str
 *(.debug_str)

.debug_loc
 *(.debug_loc)

.debug_macinfo
 *(.debug_macinfo)
OUTPUT(RTOS.elf elf32-avr)
LOAD linker stubs
