Archive member included because of file (symbol)

d:/all_courses/embeded system/01- full embedded systems diploma/new folder/imt_sdk_win_64/winavr/bin/../lib/gcc/avr/4.3.3/avr5\libgcc.a(_exit.o)
                              d:/all_courses/embeded system/01- full embedded systems diploma/new folder/imt_sdk_win_64/winavr/bin/../lib/gcc/avr/4.3.3/../../../../avr/lib/avr5/crtm32.o (exit)
d:/all_courses/embeded system/01- full embedded systems diploma/new folder/imt_sdk_win_64/winavr/bin/../lib/gcc/avr/4.3.3/avr5\libgcc.a(_copy_data.o)
                              ./Queue.o (__do_copy_data)
d:/all_courses/embeded system/01- full embedded systems diploma/new folder/imt_sdk_win_64/winavr/bin/../lib/gcc/avr/4.3.3/avr5\libgcc.a(_clear_bss.o)
                              ./LED_program.o (__do_clear_bss)
d:/all_courses/embeded system/01- full embedded systems diploma/new folder/imt_sdk_win_64/winavr/bin/../lib/gcc/avr/4.3.3/avr5\libgcc.a(_fixunssfsi.o)
                              ./main.o (__fixunssfsi)
d:/all_courses/embeded system/01- full embedded systems diploma/new folder/imt_sdk_win_64/winavr/bin/../lib/gcc/avr/4.3.3/avr5\libgcc.a(_addsub_sf.o)
                              d:/all_courses/embeded system/01- full embedded systems diploma/new folder/imt_sdk_win_64/winavr/bin/../lib/gcc/avr/4.3.3/avr5\libgcc.a(_fixunssfsi.o) (__subsf3)
d:/all_courses/embeded system/01- full embedded systems diploma/new folder/imt_sdk_win_64/winavr/bin/../lib/gcc/avr/4.3.3/avr5\libgcc.a(_mul_sf.o)
                              ./main.o (__mulsf3)
d:/all_courses/embeded system/01- full embedded systems diploma/new folder/imt_sdk_win_64/winavr/bin/../lib/gcc/avr/4.3.3/avr5\libgcc.a(_gt_sf.o)
                              ./main.o (__gtsf2)
d:/all_courses/embeded system/01- full embedded systems diploma/new folder/imt_sdk_win_64/winavr/bin/../lib/gcc/avr/4.3.3/avr5\libgcc.a(_ge_sf.o)
                              d:/all_courses/embeded system/01- full embedded systems diploma/new folder/imt_sdk_win_64/winavr/bin/../lib/gcc/avr/4.3.3/avr5\libgcc.a(_fixunssfsi.o) (__gesf2)
d:/all_courses/embeded system/01- full embedded systems diploma/new folder/imt_sdk_win_64/winavr/bin/../lib/gcc/avr/4.3.3/avr5\libgcc.a(_lt_sf.o)
                              ./main.o (__ltsf2)
d:/all_courses/embeded system/01- full embedded systems diploma/new folder/imt_sdk_win_64/winavr/bin/../lib/gcc/avr/4.3.3/avr5\libgcc.a(_sf_to_si.o)
                              d:/all_courses/embeded system/01- full embedded systems diploma/new folder/imt_sdk_win_64/winavr/bin/../lib/gcc/avr/4.3.3/avr5\libgcc.a(_fixunssfsi.o) (__fixsfsi)
d:/all_courses/embeded system/01- full embedded systems diploma/new folder/imt_sdk_win_64/winavr/bin/../lib/gcc/avr/4.3.3/avr5\libgcc.a(_thenan_sf.o)
                              d:/all_courses/embeded system/01- full embedded systems diploma/new folder/imt_sdk_win_64/winavr/bin/../lib/gcc/avr/4.3.3/avr5\libgcc.a(_addsub_sf.o) (__thenan_sf)
d:/all_courses/embeded system/01- full embedded systems diploma/new folder/imt_sdk_win_64/winavr/bin/../lib/gcc/avr/4.3.3/avr5\libgcc.a(_prologue.o)
                              d:/all_courses/embeded system/01- full embedded systems diploma/new folder/imt_sdk_win_64/winavr/bin/../lib/gcc/avr/4.3.3/avr5\libgcc.a(_addsub_sf.o) (__prologue_saves__)
d:/all_courses/embeded system/01- full embedded systems diploma/new folder/imt_sdk_win_64/winavr/bin/../lib/gcc/avr/4.3.3/avr5\libgcc.a(_epilogue.o)
                              d:/all_courses/embeded system/01- full embedded systems diploma/new folder/imt_sdk_win_64/winavr/bin/../lib/gcc/avr/4.3.3/avr5\libgcc.a(_addsub_sf.o) (__epilogue_restores__)
d:/all_courses/embeded system/01- full embedded systems diploma/new folder/imt_sdk_win_64/winavr/bin/../lib/gcc/avr/4.3.3/avr5\libgcc.a(_pack_sf.o)
                              d:/all_courses/embeded system/01- full embedded systems diploma/new folder/imt_sdk_win_64/winavr/bin/../lib/gcc/avr/4.3.3/avr5\libgcc.a(_addsub_sf.o) (__pack_f)
d:/all_courses/embeded system/01- full embedded systems diploma/new folder/imt_sdk_win_64/winavr/bin/../lib/gcc/avr/4.3.3/avr5\libgcc.a(_unpack_sf.o)
                              d:/all_courses/embeded system/01- full embedded systems diploma/new folder/imt_sdk_win_64/winavr/bin/../lib/gcc/avr/4.3.3/avr5\libgcc.a(_addsub_sf.o) (__unpack_f)
d:/all_courses/embeded system/01- full embedded systems diploma/new folder/imt_sdk_win_64/winavr/bin/../lib/gcc/avr/4.3.3/avr5\libgcc.a(_fpcmp_parts_sf.o)
                              d:/all_courses/embeded system/01- full embedded systems diploma/new folder/imt_sdk_win_64/winavr/bin/../lib/gcc/avr/4.3.3/avr5\libgcc.a(_gt_sf.o) (__fpcmp_parts_f)
d:/all_courses/embeded system/01- full embedded systems diploma/new folder/imt_sdk_win_64/winavr/bin/../lib/gcc/avr/4.3.3/../../../../avr/lib/avr5\libc.a(printf.o)
                              ./Queue.o (printf)
d:/all_courses/embeded system/01- full embedded systems diploma/new folder/imt_sdk_win_64/winavr/bin/../lib/gcc/avr/4.3.3/../../../../avr/lib/avr5\libc.a(puts.o)
                              ./Queue.o (puts)
d:/all_courses/embeded system/01- full embedded systems diploma/new folder/imt_sdk_win_64/winavr/bin/../lib/gcc/avr/4.3.3/../../../../avr/lib/avr5\libc.a(vfprintf_std.o)
                              d:/all_courses/embeded system/01- full embedded systems diploma/new folder/imt_sdk_win_64/winavr/bin/../lib/gcc/avr/4.3.3/../../../../avr/lib/avr5\libc.a(printf.o) (vfprintf)
d:/all_courses/embeded system/01- full embedded systems diploma/new folder/imt_sdk_win_64/winavr/bin/../lib/gcc/avr/4.3.3/../../../../avr/lib/avr5\libc.a(strnlen_P.o)
                              d:/all_courses/embeded system/01- full embedded systems diploma/new folder/imt_sdk_win_64/winavr/bin/../lib/gcc/avr/4.3.3/../../../../avr/lib/avr5\libc.a(vfprintf_std.o) (strnlen_P)
d:/all_courses/embeded system/01- full embedded systems diploma/new folder/imt_sdk_win_64/winavr/bin/../lib/gcc/avr/4.3.3/../../../../avr/lib/avr5\libc.a(strnlen.o)
                              d:/all_courses/embeded system/01- full embedded systems diploma/new folder/imt_sdk_win_64/winavr/bin/../lib/gcc/avr/4.3.3/../../../../avr/lib/avr5\libc.a(vfprintf_std.o) (strnlen)
d:/all_courses/embeded system/01- full embedded systems diploma/new folder/imt_sdk_win_64/winavr/bin/../lib/gcc/avr/4.3.3/../../../../avr/lib/avr5\libc.a(fputc.o)
                              d:/all_courses/embeded system/01- full embedded systems diploma/new folder/imt_sdk_win_64/winavr/bin/../lib/gcc/avr/4.3.3/../../../../avr/lib/avr5\libc.a(vfprintf_std.o) (fputc)
d:/all_courses/embeded system/01- full embedded systems diploma/new folder/imt_sdk_win_64/winavr/bin/../lib/gcc/avr/4.3.3/../../../../avr/lib/avr5\libc.a(iob.o)
                              d:/all_courses/embeded system/01- full embedded systems diploma/new folder/imt_sdk_win_64/winavr/bin/../lib/gcc/avr/4.3.3/../../../../avr/lib/avr5\libc.a(printf.o) (__iob)
d:/all_courses/embeded system/01- full embedded systems diploma/new folder/imt_sdk_win_64/winavr/bin/../lib/gcc/avr/4.3.3/../../../../avr/lib/avr5\libc.a(ultoa_invert.o)
                              d:/all_courses/embeded system/01- full embedded systems diploma/new folder/imt_sdk_win_64/winavr/bin/../lib/gcc/avr/4.3.3/../../../../avr/lib/avr5\libc.a(vfprintf_std.o) (__ultoa_invert)

Allocating common symbols
Common symbol       size              file

Global_u8TaskFlags  0x3               ./RTOS_program.o
__iob               0x6               d:/all_courses/embeded system/01- full embedded systems diploma/new folder/imt_sdk_win_64/winavr/bin/../lib/gcc/avr/4.3.3/../../../../avr/lib/avr5\libc.a(iob.o)

Memory Configuration

Name             Origin             Length             Attributes
text             0x00000000         0x00020000         xr
data             0x00800060         0x0000ffa0         rw !x
eeprom           0x00810000         0x00010000         rw !x
fuse             0x00820000         0x00000400         rw !x
lock             0x00830000         0x00000400         rw !x
signature        0x00840000         0x00000400         rw !x
*default*        0x00000000         0xffffffff

Linker script and memory map

LOAD d:/all_courses/embeded system/01- full embedded systems diploma/new folder/imt_sdk_win_64/winavr/bin/../lib/gcc/avr/4.3.3/../../../../avr/lib/avr5/crtm32.o
LOAD ./DIO_program.o
LOAD ./GIE_program.o
LOAD ./LED_program.o
LOAD ./PORT_program.o
LOAD ./Queue.o
LOAD ./RTOS_program.o
LOAD ./Semaphore.o
LOAD ./TIMER0_program.o
LOAD ./main.o
LOAD d:/all_courses/embeded system/01- full embedded systems diploma/new folder/imt_sdk_win_64/winavr/bin/../lib/gcc/avr/4.3.3/avr5\libgcc.a
LOAD d:/all_courses/embeded system/01- full embedded systems diploma/new folder/imt_sdk_win_64/winavr/bin/../lib/gcc/avr/4.3.3/../../../../avr/lib/avr5\libc.a
LOAD d:/all_courses/embeded system/01- full embedded systems diploma/new folder/imt_sdk_win_64/winavr/bin/../lib/gcc/avr/4.3.3/avr5\libgcc.a

.hash
 *(.hash)

.dynsym
 *(.dynsym)

.dynstr
 *(.dynstr)

.gnu.version
 *(.gnu.version)

.gnu.version_d
 *(.gnu.version_d)

.gnu.version_r
 *(.gnu.version_r)

.rel.init
 *(.rel.init)

.rela.init
 *(.rela.init)

.rel.text
 *(.rel.text)
 *(.rel.text.*)
 *(.rel.gnu.linkonce.t*)

.rela.text
 *(.rela.text)
 *(.rela.text.*)
 *(.rela.gnu.linkonce.t*)

.rel.fini
 *(.rel.fini)

.rela.fini
 *(.rela.fini)

.rel.rodata
 *(.rel.rodata)
 *(.rel.rodata.*)
 *(.rel.gnu.linkonce.r*)

.rela.rodata
 *(.rela.rodata)
 *(.rela.rodata.*)
 *(.rela.gnu.linkonce.r*)

.rel.data
 *(.rel.data)
 *(.rel.data.*)
 *(.rel.gnu.linkonce.d*)

.rela.data
 *(.rela.data)
 *(.rela.data.*)
 *(.rela.gnu.linkonce.d*)

.rel.ctors
 *(.rel.ctors)

.rela.ctors
 *(.rela.ctors)

.rel.dtors
 *(.rel.dtors)

.rela.dtors
 *(.rela.dtors)

.rel.got
 *(.rel.got)

.rela.got
 *(.rela.got)

.rel.bss
 *(.rel.bss)

.rela.bss
 *(.rela.bss)

.rel.plt
 *(.rel.plt)

.rela.plt
 *(.rela.plt)

.text           0x00000000     0x2258
 *(.vectors)
 .vectors       0x00000000       0x54 d:/all_courses/embeded system/01- full embedded systems diploma/new folder/imt_sdk_win_64/winavr/bin/../lib/gcc/avr/4.3.3/../../../../avr/lib/avr5/crtm32.o
                0x00000000                __vectors
                0x00000000                __vector_default
 *(.vectors)
 *(.progmem.gcc*)
 *(.progmem*)
                0x00000054                . = ALIGN (0x2)
                0x00000054                __trampolines_start = .
 *(.trampolines)
 .trampolines   0x00000054        0x0 linker stubs
 *(.trampolines*)
                0x00000054                __trampolines_end = .
 *(.jumptables)
 *(.jumptables*)
 *(.lowtext)
 *(.lowtext*)
                0x00000054                __ctors_start = .
 *(.ctors)
                0x00000054                __ctors_end = .
                0x00000054                __dtors_start = .
 *(.dtors)
                0x00000054                __dtors_end = .
 SORT(*)(.ctors)
 SORT(*)(.dtors)
 *(.init0)
 .init0         0x00000054        0x0 d:/all_courses/embeded system/01- full embedded systems diploma/new folder/imt_sdk_win_64/winavr/bin/../lib/gcc/avr/4.3.3/../../../../avr/lib/avr5/crtm32.o
                0x00000054                __init
 *(.init0)
 *(.init1)
 *(.init1)
 *(.init2)
 .init2         0x00000054        0xc d:/all_courses/embeded system/01- full embedded systems diploma/new folder/imt_sdk_win_64/winavr/bin/../lib/gcc/avr/4.3.3/../../../../avr/lib/avr5/crtm32.o
 *(.init2)
 *(.init3)
 *(.init3)
 *(.init4)
 .init4         0x00000060       0x16 d:/all_courses/embeded system/01- full embedded systems diploma/new folder/imt_sdk_win_64/winavr/bin/../lib/gcc/avr/4.3.3/avr5\libgcc.a(_copy_data.o)
                0x00000060                __do_copy_data
 .init4         0x00000076       0x10 d:/all_courses/embeded system/01- full embedded systems diploma/new folder/imt_sdk_win_64/winavr/bin/../lib/gcc/avr/4.3.3/avr5\libgcc.a(_clear_bss.o)
                0x00000076                __do_clear_bss
 *(.init4)
 *(.init5)
 *(.init5)
 *(.init6)
 *(.init6)
 *(.init7)
 *(.init7)
 *(.init8)
 *(.init8)
 *(.init9)
 .init9         0x00000086        0x8 d:/all_courses/embeded system/01- full embedded systems diploma/new folder/imt_sdk_win_64/winavr/bin/../lib/gcc/avr/4.3.3/../../../../avr/lib/avr5/crtm32.o
 *(.init9)
 *(.text)
 .text          0x0000008e        0x4 d:/all_courses/embeded system/01- full embedded systems diploma/new folder/imt_sdk_win_64/winavr/bin/../lib/gcc/avr/4.3.3/../../../../avr/lib/avr5/crtm32.o
                0x0000008e                __vector_1
                0x0000008e                __vector_12
                0x0000008e                __bad_interrupt
                0x0000008e                __vector_6
                0x0000008e                __vector_3
                0x0000008e                __vector_11
                0x0000008e                __vector_13
                0x0000008e                __vector_17
                0x0000008e                __vector_19
                0x0000008e                __vector_7
                0x0000008e                __vector_5
                0x0000008e                __vector_4
                0x0000008e                __vector_9
                0x0000008e                __vector_2
                0x0000008e                __vector_15
                0x0000008e                __vector_8
                0x0000008e                __vector_14
                0x0000008e                __vector_16
                0x0000008e                __vector_18
                0x0000008e                __vector_20
 .text          0x00000092        0x0 ./DIO_program.o
 .text          0x00000092        0x0 ./GIE_program.o
 .text          0x00000092        0x0 ./LED_program.o
 .text          0x00000092        0x0 ./PORT_program.o
 .text          0x00000092        0x0 ./Queue.o
 .text          0x00000092        0x0 ./RTOS_program.o
 .text          0x00000092        0x0 ./Semaphore.o
 .text          0x00000092        0x0 ./TIMER0_program.o
 .text          0x00000092        0x0 ./main.o
 .text          0x00000092        0x0 d:/all_courses/embeded system/01- full embedded systems diploma/new folder/imt_sdk_win_64/winavr/bin/../lib/gcc/avr/4.3.3/avr5\libgcc.a(_exit.o)
 .text          0x00000092        0x0 d:/all_courses/embeded system/01- full embedded systems diploma/new folder/imt_sdk_win_64/winavr/bin/../lib/gcc/avr/4.3.3/avr5\libgcc.a(_copy_data.o)
 .text          0x00000092        0x0 d:/all_courses/embeded system/01- full embedded systems diploma/new folder/imt_sdk_win_64/winavr/bin/../lib/gcc/avr/4.3.3/avr5\libgcc.a(_clear_bss.o)
 .text          0x00000092       0x58 d:/all_courses/embeded system/01- full embedded systems diploma/new folder/imt_sdk_win_64/winavr/bin/../lib/gcc/avr/4.3.3/avr5\libgcc.a(_fixunssfsi.o)
                0x00000092                __fixunssfsi
 .text          0x000000ea      0x354 d:/all_courses/embeded system/01- full embedded systems diploma/new folder/imt_sdk_win_64/winavr/bin/../lib/gcc/avr/4.3.3/avr5\libgcc.a(_addsub_sf.o)
                0x00000382                __subsf3
                0x000003e4                __addsf3
 .text          0x0000043e      0x1f4 d:/all_courses/embeded system/01- full embedded systems diploma/new folder/imt_sdk_win_64/winavr/bin/../lib/gcc/avr/4.3.3/avr5\libgcc.a(_mul_sf.o)
                0x0000043e                __mulsf3
 .text          0x00000632       0x60 d:/all_courses/embeded system/01- full embedded systems diploma/new folder/imt_sdk_win_64/winavr/bin/../lib/gcc/avr/4.3.3/avr5\libgcc.a(_gt_sf.o)
                0x00000632                __gtsf2
 .text          0x00000692       0x60 d:/all_courses/embeded system/01- full embedded systems diploma/new folder/imt_sdk_win_64/winavr/bin/../lib/gcc/avr/4.3.3/avr5\libgcc.a(_ge_sf.o)
                0x00000692                __gesf2
 .text          0x000006f2       0x60 d:/all_courses/embeded system/01- full embedded systems diploma/new folder/imt_sdk_win_64/winavr/bin/../lib/gcc/avr/4.3.3/avr5\libgcc.a(_lt_sf.o)
                0x000006f2                __ltsf2
 .text          0x00000752       0xa8 d:/all_courses/embeded system/01- full embedded systems diploma/new folder/imt_sdk_win_64/winavr/bin/../lib/gcc/avr/4.3.3/avr5\libgcc.a(_sf_to_si.o)
                0x00000752                __fixsfsi
 .text          0x000007fa        0x0 d:/all_courses/embeded system/01- full embedded systems diploma/new folder/imt_sdk_win_64/winavr/bin/../lib/gcc/avr/4.3.3/avr5\libgcc.a(_thenan_sf.o)
 .text          0x000007fa        0x0 d:/all_courses/embeded system/01- full embedded systems diploma/new folder/imt_sdk_win_64/winavr/bin/../lib/gcc/avr/4.3.3/avr5\libgcc.a(_prologue.o)
 .text          0x000007fa        0x0 d:/all_courses/embeded system/01- full embedded systems diploma/new folder/imt_sdk_win_64/winavr/bin/../lib/gcc/avr/4.3.3/avr5\libgcc.a(_epilogue.o)
 .text          0x000007fa      0x1aa d:/all_courses/embeded system/01- full embedded systems diploma/new folder/imt_sdk_win_64/winavr/bin/../lib/gcc/avr/4.3.3/avr5\libgcc.a(_pack_sf.o)
                0x000007fa                __pack_f
 .text          0x000009a4       0xf0 d:/all_courses/embeded system/01- full embedded systems diploma/new folder/imt_sdk_win_64/winavr/bin/../lib/gcc/avr/4.3.3/avr5\libgcc.a(_unpack_sf.o)
                0x000009a4                __unpack_f
 .text          0x00000a94       0xb2 d:/all_courses/embeded system/01- full embedded systems diploma/new folder/imt_sdk_win_64/winavr/bin/../lib/gcc/avr/4.3.3/avr5\libgcc.a(_fpcmp_parts_sf.o)
                0x00000a94                __fpcmp_parts_f
 .text          0x00000b46        0x0 d:/all_courses/embeded system/01- full embedded systems diploma/new folder/imt_sdk_win_64/winavr/bin/../lib/gcc/avr/4.3.3/../../../../avr/lib/avr5\libc.a(printf.o)
 .text          0x00000b46        0x0 d:/all_courses/embeded system/01- full embedded systems diploma/new folder/imt_sdk_win_64/winavr/bin/../lib/gcc/avr/4.3.3/../../../../avr/lib/avr5\libc.a(puts.o)
 .text          0x00000b46        0x0 d:/all_courses/embeded system/01- full embedded systems diploma/new folder/imt_sdk_win_64/winavr/bin/../lib/gcc/avr/4.3.3/../../../../avr/lib/avr5\libc.a(vfprintf_std.o)
 .text          0x00000b46        0x0 d:/all_courses/embeded system/01- full embedded systems diploma/new folder/imt_sdk_win_64/winavr/bin/../lib/gcc/avr/4.3.3/../../../../avr/lib/avr5\libc.a(strnlen_P.o)
 .text          0x00000b46        0x0 d:/all_courses/embeded system/01- full embedded systems diploma/new folder/imt_sdk_win_64/winavr/bin/../lib/gcc/avr/4.3.3/../../../../avr/lib/avr5\libc.a(strnlen.o)
 .text          0x00000b46        0x0 d:/all_courses/embeded system/01- full embedded systems diploma/new folder/imt_sdk_win_64/winavr/bin/../lib/gcc/avr/4.3.3/../../../../avr/lib/avr5\libc.a(fputc.o)
 .text          0x00000b46        0x0 d:/all_courses/embeded system/01- full embedded systems diploma/new folder/imt_sdk_win_64/winavr/bin/../lib/gcc/avr/4.3.3/../../../../avr/lib/avr5\libc.a(iob.o)
 .text          0x00000b46        0x0 d:/all_courses/embeded system/01- full embedded systems diploma/new folder/imt_sdk_win_64/winavr/bin/../lib/gcc/avr/4.3.3/../../../../avr/lib/avr5\libc.a(ultoa_invert.o)
                0x00000b46                . = ALIGN (0x2)
 *(.text.*)
 .text.DIO_u8SetPinDirecton
                0x00000b46      0x224 ./DIO_program.o
                0x00000b46                DIO_u8SetPinDirecton
 .text.DIO_u8SetPortDirecton
                0x00000d6a       0x90 ./DIO_program.o
                0x00000d6a                DIO_u8SetPortDirecton
 .text.DIO_u8SetPinValue
                0x00000dfa      0x224 ./DIO_program.o
                0x00000dfa                DIO_u8SetPinValue
 .text.DIO_u8SetPortValue
                0x0000101e       0x90 ./DIO_program.o
                0x0000101e                DIO_u8SetPortValue
 .text.DIO_u8GetPinValue
                0x000010ae      0x136 ./DIO_program.o
                0x000010ae                DIO_u8GetPinValue
 .text.GIE_voidEnable
                0x000011e4       0x1c ./GIE_program.o
                0x000011e4                GIE_voidEnable
 .text.GIE_voidDisable
                0x00001200       0x1c ./GIE_program.o
                0x00001200                GIE_voidDisable
 .text.LED_voidToggle
                0x0000121c       0x42 ./LED_program.o
                0x0000121c                LED_voidToggle
 .text.PORT_voidInit
                0x0000125e       0x48 ./PORT_program.o
                0x0000125e                PORT_voidInit
 .text.FIFO_Init
                0x000012a6       0x7c ./Queue.o
                0x000012a6                FIFO_Init
 .text.FIFO_Enqueue
                0x00001322       0xb4 ./Queue.o
                0x00001322                FIFO_Enqueue
 .text.FIFO_Dequeue
                0x000013d6       0xb0 ./Queue.o
                0x000013d6                FIFO_Dequeue
 .text.FIFO_PrintAll
                0x00001486      0x108 ./Queue.o
                0x00001486                FIFO_PrintAll
 .text.RTOS_voidStart
                0x0000158e       0x1e ./RTOS_program.o
                0x0000158e                RTOS_voidStart
 .text.RTOS_voidNewTask
                0x000015ac       0xfa ./RTOS_program.o
                0x000015ac                RTOS_voidNewTask
 .text.void_schedular
                0x000016a6      0x13c ./RTOS_program.o
                0x000016a6                void_schedular
 .text.Semaphore_voidBinaryCreate
                0x000017e2       0x78 ./Semaphore.o
                0x000017e2                Semaphore_voidBinaryCreate
 .text.Semaphore_Binary_enuTake
                0x0000185a       0x3e ./Semaphore.o
                0x0000185a                Semaphore_Binary_enuTake
 .text.Semaphore_Binary_enuGive
                0x00001898       0x2a ./Semaphore.o
                0x00001898                Semaphore_Binary_enuGive
 .text.Semaphore_voidCounnterCreate
                0x000018c2       0x52 ./Semaphore.o
                0x000018c2                Semaphore_voidCounnterCreate
 .text.Semaphore_Counter_enuTake
                0x00001914       0x1a ./Semaphore.o
                0x00001914                Semaphore_Counter_enuTake
 .text.Semaphore_Counter_enuGive
                0x0000192e       0x1a ./Semaphore.o
                0x0000192e                Semaphore_Counter_enuGive
 .text.TIMER0_voidInit
                0x00001948       0x86 ./TIMER0_program.o
                0x00001948                TIMER0_voidInit
 .text.TIMER0_voidSetCallBackFun
                0x000019ce       0x24 ./TIMER0_program.o
                0x000019ce                TIMER0_voidSetCallBackFun
 .text.__vector_10
                0x000019f2       0x5a ./TIMER0_program.o
                0x000019f2                __vector_10
 .text.main     0x00001a4c       0x98 ./main.o
                0x00001a4c                main
 .text.LED1     0x00001ae4      0x124 ./main.o
                0x00001ae4                LED1
 .text.LED2     0x00001c08       0x28 ./main.o
                0x00001c08                LED2
 .text.LED3     0x00001c30       0x28 ./main.o
                0x00001c30                LED3
 .text.libgcc   0x00001c58        0x0 d:/all_courses/embeded system/01- full embedded systems diploma/new folder/imt_sdk_win_64/winavr/bin/../lib/gcc/avr/4.3.3/avr5\libgcc.a(_exit.o)
 .text.libgcc   0x00001c58        0x0 d:/all_courses/embeded system/01- full embedded systems diploma/new folder/imt_sdk_win_64/winavr/bin/../lib/gcc/avr/4.3.3/avr5\libgcc.a(_copy_data.o)
 .text.libgcc   0x00001c58        0x0 d:/all_courses/embeded system/01- full embedded systems diploma/new folder/imt_sdk_win_64/winavr/bin/../lib/gcc/avr/4.3.3/avr5\libgcc.a(_clear_bss.o)
 .text.libgcc   0x00001c58       0x38 d:/all_courses/embeded system/01- full embedded systems diploma/new folder/imt_sdk_win_64/winavr/bin/../lib/gcc/avr/4.3.3/avr5\libgcc.a(_prologue.o)
                0x00001c58                __prologue_saves__
 .text.libgcc   0x00001c90       0x36 d:/all_courses/embeded system/01- full embedded systems diploma/new folder/imt_sdk_win_64/winavr/bin/../lib/gcc/avr/4.3.3/avr5\libgcc.a(_epilogue.o)
                0x00001c90                __epilogue_restores__
 .text.avr-libc
                0x00001cc6       0x2a d:/all_courses/embeded system/01- full embedded systems diploma/new folder/imt_sdk_win_64/winavr/bin/../lib/gcc/avr/4.3.3/../../../../avr/lib/avr5\libc.a(printf.o)
                0x00001cc6                printf
 .text.avr-libc
                0x00001cf0       0x6a d:/all_courses/embeded system/01- full embedded systems diploma/new folder/imt_sdk_win_64/winavr/bin/../lib/gcc/avr/4.3.3/../../../../avr/lib/avr5\libc.a(puts.o)
                0x00001cf0                puts
 .text.avr-libc
                0x00001d5a      0x3ba d:/all_courses/embeded system/01- full embedded systems diploma/new folder/imt_sdk_win_64/winavr/bin/../lib/gcc/avr/4.3.3/../../../../avr/lib/avr5\libc.a(vfprintf_std.o)
                0x00001d5a                vfprintf
 .text.avr-libc
                0x00002114       0x16 d:/all_courses/embeded system/01- full embedded systems diploma/new folder/imt_sdk_win_64/winavr/bin/../lib/gcc/avr/4.3.3/../../../../avr/lib/avr5\libc.a(strnlen_P.o)
                0x00002114                strnlen_P
 .text.avr-libc
                0x0000212a       0x16 d:/all_courses/embeded system/01- full embedded systems diploma/new folder/imt_sdk_win_64/winavr/bin/../lib/gcc/avr/4.3.3/../../../../avr/lib/avr5\libc.a(strnlen.o)
                0x0000212a                strnlen
 .text.avr-libc
                0x00002140       0x58 d:/all_courses/embeded system/01- full embedded systems diploma/new folder/imt_sdk_win_64/winavr/bin/../lib/gcc/avr/4.3.3/../../../../avr/lib/avr5\libc.a(fputc.o)
                0x00002140                fputc
 .text.avr-libc
                0x00002198       0xbc d:/all_courses/embeded system/01- full embedded systems diploma/new folder/imt_sdk_win_64/winavr/bin/../lib/gcc/avr/4.3.3/../../../../avr/lib/avr5\libc.a(ultoa_invert.o)
                0x00002198                __ultoa_invert
                0x00002254                . = ALIGN (0x2)
 *(.fini9)
 .fini9         0x00002254        0x0 d:/all_courses/embeded system/01- full embedded systems diploma/new folder/imt_sdk_win_64/winavr/bin/../lib/gcc/avr/4.3.3/avr5\libgcc.a(_exit.o)
                0x00002254                exit
                0x00002254                _exit
 *(.fini9)
 *(.fini8)
 *(.fini8)
 *(.fini7)
 *(.fini7)
 *(.fini6)
 *(.fini6)
 *(.fini5)
 *(.fini5)
 *(.fini4)
 *(.fini4)
 *(.fini3)
 *(.fini3)
 *(.fini2)
 *(.fini2)
 *(.fini1)
 *(.fini1)
 *(.fini0)
 .fini0         0x00002254        0x4 d:/all_courses/embeded system/01- full embedded systems diploma/new folder/imt_sdk_win_64/winavr/bin/../lib/gcc/avr/4.3.3/avr5\libgcc.a(_exit.o)
 *(.fini0)
                0x00002258                _etext = .

.data           0x00800060       0x8c load address 0x00002258
                0x00800060                PROVIDE (__data_start, .)
 *(.data)
 .data          0x00800060        0x0 d:/all_courses/embeded system/01- full embedded systems diploma/new folder/imt_sdk_win_64/winavr/bin/../lib/gcc/avr/4.3.3/../../../../avr/lib/avr5/crtm32.o
 .data          0x00800060        0x0 ./DIO_program.o
 .data          0x00800060        0x0 ./GIE_program.o
 .data          0x00800060        0x0 ./LED_program.o
 .data          0x00800060        0x0 ./PORT_program.o
 .data          0x00800060       0x7b ./Queue.o
 .data          0x008000db        0x0 ./RTOS_program.o
 .data          0x008000db        0x0 ./Semaphore.o
 .data          0x008000db        0x0 ./TIMER0_program.o
 .data          0x008000db        0x0 ./main.o
 .data          0x008000db        0x0 d:/all_courses/embeded system/01- full embedded systems diploma/new folder/imt_sdk_win_64/winavr/bin/../lib/gcc/avr/4.3.3/avr5\libgcc.a(_exit.o)
 .data          0x008000db        0x0 d:/all_courses/embeded system/01- full embedded systems diploma/new folder/imt_sdk_win_64/winavr/bin/../lib/gcc/avr/4.3.3/avr5\libgcc.a(_copy_data.o)
 .data          0x008000db        0x0 d:/all_courses/embeded system/01- full embedded systems diploma/new folder/imt_sdk_win_64/winavr/bin/../lib/gcc/avr/4.3.3/avr5\libgcc.a(_clear_bss.o)
 .data          0x008000db        0x0 d:/all_courses/embeded system/01- full embedded systems diploma/new folder/imt_sdk_win_64/winavr/bin/../lib/gcc/avr/4.3.3/avr5\libgcc.a(_fixunssfsi.o)
 .data          0x008000db        0x0 d:/all_courses/embeded system/01- full embedded systems diploma/new folder/imt_sdk_win_64/winavr/bin/../lib/gcc/avr/4.3.3/avr5\libgcc.a(_addsub_sf.o)
 .data          0x008000db        0x0 d:/all_courses/embeded system/01- full embedded systems diploma/new folder/imt_sdk_win_64/winavr/bin/../lib/gcc/avr/4.3.3/avr5\libgcc.a(_mul_sf.o)
 .data          0x008000db        0x0 d:/all_courses/embeded system/01- full embedded systems diploma/new folder/imt_sdk_win_64/winavr/bin/../lib/gcc/avr/4.3.3/avr5\libgcc.a(_gt_sf.o)
 .data          0x008000db        0x0 d:/all_courses/embeded system/01- full embedded systems diploma/new folder/imt_sdk_win_64/winavr/bin/../lib/gcc/avr/4.3.3/avr5\libgcc.a(_ge_sf.o)
 .data          0x008000db        0x0 d:/all_courses/embeded system/01- full embedded systems diploma/new folder/imt_sdk_win_64/winavr/bin/../lib/gcc/avr/4.3.3/avr5\libgcc.a(_lt_sf.o)
 .data          0x008000db        0x0 d:/all_courses/embeded system/01- full embedded systems diploma/new folder/imt_sdk_win_64/winavr/bin/../lib/gcc/avr/4.3.3/avr5\libgcc.a(_sf_to_si.o)
 .data          0x008000db        0x8 d:/all_courses/embeded system/01- full embedded systems diploma/new folder/imt_sdk_win_64/winavr/bin/../lib/gcc/avr/4.3.3/avr5\libgcc.a(_thenan_sf.o)
                0x008000db                __thenan_sf
 .data          0x008000e3        0x0 d:/all_courses/embeded system/01- full embedded systems diploma/new folder/imt_sdk_win_64/winavr/bin/../lib/gcc/avr/4.3.3/avr5\libgcc.a(_prologue.o)
 .data          0x008000e3        0x0 d:/all_courses/embeded system/01- full embedded systems diploma/new folder/imt_sdk_win_64/winavr/bin/../lib/gcc/avr/4.3.3/avr5\libgcc.a(_epilogue.o)
 .data          0x008000e3        0x0 d:/all_courses/embeded system/01- full embedded systems diploma/new folder/imt_sdk_win_64/winavr/bin/../lib/gcc/avr/4.3.3/avr5\libgcc.a(_pack_sf.o)
 .data          0x008000e3        0x0 d:/all_courses/embeded system/01- full embedded systems diploma/new folder/imt_sdk_win_64/winavr/bin/../lib/gcc/avr/4.3.3/avr5\libgcc.a(_unpack_sf.o)
 .data          0x008000e3        0x0 d:/all_courses/embeded system/01- full embedded systems diploma/new folder/imt_sdk_win_64/winavr/bin/../lib/gcc/avr/4.3.3/avr5\libgcc.a(_fpcmp_parts_sf.o)
 .data          0x008000e3        0x0 d:/all_courses/embeded system/01- full embedded systems diploma/new folder/imt_sdk_win_64/winavr/bin/../lib/gcc/avr/4.3.3/../../../../avr/lib/avr5\libc.a(printf.o)
 .data          0x008000e3        0x0 d:/all_courses/embeded system/01- full embedded systems diploma/new folder/imt_sdk_win_64/winavr/bin/../lib/gcc/avr/4.3.3/../../../../avr/lib/avr5\libc.a(puts.o)
 .data          0x008000e3        0x0 d:/all_courses/embeded system/01- full embedded systems diploma/new folder/imt_sdk_win_64/winavr/bin/../lib/gcc/avr/4.3.3/../../../../avr/lib/avr5\libc.a(vfprintf_std.o)
 .data          0x008000e3        0x0 d:/all_courses/embeded system/01- full embedded systems diploma/new folder/imt_sdk_win_64/winavr/bin/../lib/gcc/avr/4.3.3/../../../../avr/lib/avr5\libc.a(strnlen_P.o)
 .data          0x008000e3        0x0 d:/all_courses/embeded system/01- full embedded systems diploma/new folder/imt_sdk_win_64/winavr/bin/../lib/gcc/avr/4.3.3/../../../../avr/lib/avr5\libc.a(strnlen.o)
 .data          0x008000e3        0x0 d:/all_courses/embeded system/01- full embedded systems diploma/new folder/imt_sdk_win_64/winavr/bin/../lib/gcc/avr/4.3.3/../../../../avr/lib/avr5\libc.a(fputc.o)
 .data          0x008000e3        0x0 d:/all_courses/embeded system/01- full embedded systems diploma/new folder/imt_sdk_win_64/winavr/bin/../lib/gcc/avr/4.3.3/../../../../avr/lib/avr5\libc.a(iob.o)
 .data          0x008000e3        0x0 d:/all_courses/embeded system/01- full embedded systems diploma/new folder/imt_sdk_win_64/winavr/bin/../lib/gcc/avr/4.3.3/../../../../avr/lib/avr5\libc.a(ultoa_invert.o)
 *(.data*)
 .data.Pfunc    0x008000e3        0x6 ./main.o
                0x008000e3                Pfunc
 .data.Local_u8PinStat.1340
                0x008000e9        0x1 ./main.o
 .data.Local_u8PinStat.1359
                0x008000ea        0x1 ./main.o
 .data.Local_u8PinStat.1365
                0x008000eb        0x1 ./main.o
 *(.rodata)
 *(.rodata*)
 *(.gnu.linkonce.d*)
                0x008000ec                . = ALIGN (0x2)
                0x008000ec                _edata = .
                0x008000ec                PROVIDE (__data_end, .)

.bss            0x008000ec       0x25
                0x008000ec                PROVIDE (__bss_start, .)
 *(.bss)
 .bss           0x008000ec        0x0 d:/all_courses/embeded system/01- full embedded systems diploma/new folder/imt_sdk_win_64/winavr/bin/../lib/gcc/avr/4.3.3/../../../../avr/lib/avr5/crtm32.o
 .bss           0x008000ec        0x0 ./DIO_program.o
 .bss           0x008000ec        0x0 ./GIE_program.o
 .bss           0x008000ec        0x0 ./LED_program.o
 .bss           0x008000ec        0x0 ./PORT_program.o
 .bss           0x008000ec        0x0 ./Queue.o
 .bss           0x008000ec        0x0 ./RTOS_program.o
 .bss           0x008000ec        0x0 ./Semaphore.o
 .bss           0x008000ec        0x0 ./TIMER0_program.o
 .bss           0x008000ec        0x0 ./main.o
 .bss           0x008000ec        0x0 d:/all_courses/embeded system/01- full embedded systems diploma/new folder/imt_sdk_win_64/winavr/bin/../lib/gcc/avr/4.3.3/avr5\libgcc.a(_exit.o)
 .bss           0x008000ec        0x0 d:/all_courses/embeded system/01- full embedded systems diploma/new folder/imt_sdk_win_64/winavr/bin/../lib/gcc/avr/4.3.3/avr5\libgcc.a(_copy_data.o)
 .bss           0x008000ec        0x0 d:/all_courses/embeded system/01- full embedded systems diploma/new folder/imt_sdk_win_64/winavr/bin/../lib/gcc/avr/4.3.3/avr5\libgcc.a(_clear_bss.o)
 .bss           0x008000ec        0x0 d:/all_courses/embeded system/01- full embedded systems diploma/new folder/imt_sdk_win_64/winavr/bin/../lib/gcc/avr/4.3.3/avr5\libgcc.a(_fixunssfsi.o)
 .bss           0x008000ec        0x0 d:/all_courses/embeded system/01- full embedded systems diploma/new folder/imt_sdk_win_64/winavr/bin/../lib/gcc/avr/4.3.3/avr5\libgcc.a(_addsub_sf.o)
 .bss           0x008000ec        0x0 d:/all_courses/embeded system/01- full embedded systems diploma/new folder/imt_sdk_win_64/winavr/bin/../lib/gcc/avr/4.3.3/avr5\libgcc.a(_mul_sf.o)
 .bss           0x008000ec        0x0 d:/all_courses/embeded system/01- full embedded systems diploma/new folder/imt_sdk_win_64/winavr/bin/../lib/gcc/avr/4.3.3/avr5\libgcc.a(_gt_sf.o)
 .bss           0x008000ec        0x0 d:/all_courses/embeded system/01- full embedded systems diploma/new folder/imt_sdk_win_64/winavr/bin/../lib/gcc/avr/4.3.3/avr5\libgcc.a(_ge_sf.o)
 .bss           0x008000ec        0x0 d:/all_courses/embeded system/01- full embedded systems diploma/new folder/imt_sdk_win_64/winavr/bin/../lib/gcc/avr/4.3.3/avr5\libgcc.a(_lt_sf.o)
 .bss           0x008000ec        0x0 d:/all_courses/embeded system/01- full embedded systems diploma/new folder/imt_sdk_win_64/winavr/bin/../lib/gcc/avr/4.3.3/avr5\libgcc.a(_sf_to_si.o)
 .bss           0x008000ec        0x0 d:/all_courses/embeded system/01- full embedded systems diploma/new folder/imt_sdk_win_64/winavr/bin/../lib/gcc/avr/4.3.3/avr5\libgcc.a(_thenan_sf.o)
 .bss           0x008000ec        0x0 d:/all_courses/embeded system/01- full embedded systems diploma/new folder/imt_sdk_win_64/winavr/bin/../lib/gcc/avr/4.3.3/avr5\libgcc.a(_prologue.o)
 .bss           0x008000ec        0x0 d:/all_courses/embeded system/01- full embedded systems diploma/new folder/imt_sdk_win_64/winavr/bin/../lib/gcc/avr/4.3.3/avr5\libgcc.a(_epilogue.o)
 .bss           0x008000ec        0x0 d:/all_courses/embeded system/01- full embedded systems diploma/new folder/imt_sdk_win_64/winavr/bin/../lib/gcc/avr/4.3.3/avr5\libgcc.a(_pack_sf.o)
 .bss           0x008000ec        0x0 d:/all_courses/embeded system/01- full embedded systems diploma/new folder/imt_sdk_win_64/winavr/bin/../lib/gcc/avr/4.3.3/avr5\libgcc.a(_unpack_sf.o)
 .bss           0x008000ec        0x0 d:/all_courses/embeded system/01- full embedded systems diploma/new folder/imt_sdk_win_64/winavr/bin/../lib/gcc/avr/4.3.3/avr5\libgcc.a(_fpcmp_parts_sf.o)
 .bss           0x008000ec        0x0 d:/all_courses/embeded system/01- full embedded systems diploma/new folder/imt_sdk_win_64/winavr/bin/../lib/gcc/avr/4.3.3/../../../../avr/lib/avr5\libc.a(printf.o)
 .bss           0x008000ec        0x0 d:/all_courses/embeded system/01- full embedded systems diploma/new folder/imt_sdk_win_64/winavr/bin/../lib/gcc/avr/4.3.3/../../../../avr/lib/avr5\libc.a(puts.o)
 .bss           0x008000ec        0x0 d:/all_courses/embeded system/01- full embedded systems diploma/new folder/imt_sdk_win_64/winavr/bin/../lib/gcc/avr/4.3.3/../../../../avr/lib/avr5\libc.a(vfprintf_std.o)
 .bss           0x008000ec        0x0 d:/all_courses/embeded system/01- full embedded systems diploma/new folder/imt_sdk_win_64/winavr/bin/../lib/gcc/avr/4.3.3/../../../../avr/lib/avr5\libc.a(strnlen_P.o)
 .bss           0x008000ec        0x0 d:/all_courses/embeded system/01- full embedded systems diploma/new folder/imt_sdk_win_64/winavr/bin/../lib/gcc/avr/4.3.3/../../../../avr/lib/avr5\libc.a(strnlen.o)
 .bss           0x008000ec        0x0 d:/all_courses/embeded system/01- full embedded systems diploma/new folder/imt_sdk_win_64/winavr/bin/../lib/gcc/avr/4.3.3/../../../../avr/lib/avr5\libc.a(fputc.o)
 .bss           0x008000ec        0x0 d:/all_courses/embeded system/01- full embedded systems diploma/new folder/imt_sdk_win_64/winavr/bin/../lib/gcc/avr/4.3.3/../../../../avr/lib/avr5\libc.a(iob.o)
 .bss           0x008000ec        0x0 d:/all_courses/embeded system/01- full embedded systems diploma/new folder/imt_sdk_win_64/winavr/bin/../lib/gcc/avr/4.3.3/../../../../avr/lib/avr5\libc.a(ultoa_invert.o)
 *(.bss*)
 .bss.Local_u8LedState.1193
                0x008000ec        0x1 ./LED_program.o
 .bss.Global_u8Flag
                0x008000ed        0x1 ./RTOS_program.o
                0x008000ed                Global_u8Flag
 .bss.Global_u8Task1
                0x008000ee        0x1 ./RTOS_program.o
                0x008000ee                Global_u8Task1
 .bss.Global_u8Task2
                0x008000ef        0x1 ./RTOS_program.o
                0x008000ef                Global_u8Task2
 .bss.Global_u8Task3
                0x008000f0        0x1 ./RTOS_program.o
                0x008000f0                Global_u8Task3
 .bss.System_Tasks
                0x008000f1       0x15 ./RTOS_program.o
                0x008000f1                System_Tasks
 .bss.GlobalPFunc
                0x00800106        0x2 ./TIMER0_program.o
                0x00800106                GlobalPFunc
 *(COMMON)
 COMMON         0x00800108        0x3 ./RTOS_program.o
                0x00800108                Global_u8TaskFlags
 COMMON         0x0080010b        0x6 d:/all_courses/embeded system/01- full embedded systems diploma/new folder/imt_sdk_win_64/winavr/bin/../lib/gcc/avr/4.3.3/../../../../avr/lib/avr5\libc.a(iob.o)
                0x0080010b                __iob
                0x00800111                PROVIDE (__bss_end, .)
                0x00002258                __data_load_start = LOADADDR (.data)
                0x000022e4                __data_load_end = (__data_load_start + SIZEOF (.data))

.noinit         0x00800111        0x0
                0x00800111                PROVIDE (__noinit_start, .)
 *(.noinit*)
                0x00800111                PROVIDE (__noinit_end, .)
                0x00800111                _end = .
                0x00800111                PROVIDE (__heap_start, .)

.eeprom         0x00810000        0x0
 *(.eeprom*)
                0x00810000                __eeprom_end = .

.fuse
 *(.fuse)
 *(.lfuse)
 *(.hfuse)
 *(.efuse)

.lock
 *(.lock*)

.signature
 *(.signature*)

.stab           0x00000000     0x1d28
 *(.stab)
 .stab          0x00000000      0x660 ./DIO_program.o
 .stab          0x00000660      0x144 ./GIE_program.o
                                0x1bc (size before relaxing)
 .stab          0x000007a4      0x168 ./LED_program.o
                                0x1e0 (size before relaxing)
 .stab          0x0000090c      0x168 ./PORT_program.o
                                0x1e0 (size before relaxing)
 .stab          0x00000a74      0x624 ./Queue.o
                                0x69c (size before relaxing)
 .stab          0x00001098      0x324 ./RTOS_program.o
                                0x39c (size before relaxing)
 .stab          0x000013bc      0x390 ./Semaphore.o
                                0x408 (size before relaxing)
 .stab          0x0000174c      0x1ec ./TIMER0_program.o
                                0x264 (size before relaxing)
 .stab          0x00001938      0x3f0 ./main.o
                                0x60c (size before relaxing)

.stabstr        0x00000000     0x146e
 *(.stabstr)
 .stabstr       0x00000000     0x146e ./DIO_program.o

.stab.excl
 *(.stab.excl)

.stab.exclstr
 *(.stab.exclstr)

.stab.index
 *(.stab.index)

.stab.indexstr
 *(.stab.indexstr)

.comment
 *(.comment)

.debug
 *(.debug)

.line
 *(.line)

.debug_srcinfo
 *(.debug_srcinfo)

.debug_sfnames
 *(.debug_sfnames)

.debug_aranges  0x00000000      0x140
 *(.debug_aranges)
 .debug_aranges
                0x00000000       0x20 d:/all_courses/embeded system/01- full embedded systems diploma/new folder/imt_sdk_win_64/winavr/bin/../lib/gcc/avr/4.3.3/avr5\libgcc.a(_fixunssfsi.o)
 .debug_aranges
                0x00000020       0x20 d:/all_courses/embeded system/01- full embedded systems diploma/new folder/imt_sdk_win_64/winavr/bin/../lib/gcc/avr/4.3.3/avr5\libgcc.a(_addsub_sf.o)
 .debug_aranges
                0x00000040       0x20 d:/all_courses/embeded system/01- full embedded systems diploma/new folder/imt_sdk_win_64/winavr/bin/../lib/gcc/avr/4.3.3/avr5\libgcc.a(_mul_sf.o)
 .debug_aranges
                0x00000060       0x20 d:/all_courses/embeded system/01- full embedded systems diploma/new folder/imt_sdk_win_64/winavr/bin/../lib/gcc/avr/4.3.3/avr5\libgcc.a(_gt_sf.o)
 .debug_aranges
                0x00000080       0x20 d:/all_courses/embeded system/01- full embedded systems diploma/new folder/imt_sdk_win_64/winavr/bin/../lib/gcc/avr/4.3.3/avr5\libgcc.a(_ge_sf.o)
 .debug_aranges
                0x000000a0       0x20 d:/all_courses/embeded system/01- full embedded systems diploma/new folder/imt_sdk_win_64/winavr/bin/../lib/gcc/avr/4.3.3/avr5\libgcc.a(_lt_sf.o)
 .debug_aranges
                0x000000c0       0x20 d:/all_courses/embeded system/01- full embedded systems diploma/new folder/imt_sdk_win_64/winavr/bin/../lib/gcc/avr/4.3.3/avr5\libgcc.a(_sf_to_si.o)
 .debug_aranges
                0x000000e0       0x20 d:/all_courses/embeded system/01- full embedded systems diploma/new folder/imt_sdk_win_64/winavr/bin/../lib/gcc/avr/4.3.3/avr5\libgcc.a(_pack_sf.o)
 .debug_aranges
                0x00000100       0x20 d:/all_courses/embeded system/01- full embedded systems diploma/new folder/imt_sdk_win_64/winavr/bin/../lib/gcc/avr/4.3.3/avr5\libgcc.a(_unpack_sf.o)
 .debug_aranges
                0x00000120       0x20 d:/all_courses/embeded system/01- full embedded systems diploma/new folder/imt_sdk_win_64/winavr/bin/../lib/gcc/avr/4.3.3/avr5\libgcc.a(_fpcmp_parts_sf.o)

.debug_pubnames
                0x00000000      0x170
 *(.debug_pubnames)
 .debug_pubnames
                0x00000000       0x23 d:/all_courses/embeded system/01- full embedded systems diploma/new folder/imt_sdk_win_64/winavr/bin/../lib/gcc/avr/4.3.3/avr5\libgcc.a(_fixunssfsi.o)
 .debug_pubnames
                0x00000023       0x2c d:/all_courses/embeded system/01- full embedded systems diploma/new folder/imt_sdk_win_64/winavr/bin/../lib/gcc/avr/4.3.3/avr5\libgcc.a(_addsub_sf.o)
 .debug_pubnames
                0x0000004f       0x1f d:/all_courses/embeded system/01- full embedded systems diploma/new folder/imt_sdk_win_64/winavr/bin/../lib/gcc/avr/4.3.3/avr5\libgcc.a(_mul_sf.o)
 .debug_pubnames
                0x0000006e       0x1e d:/all_courses/embeded system/01- full embedded systems diploma/new folder/imt_sdk_win_64/winavr/bin/../lib/gcc/avr/4.3.3/avr5\libgcc.a(_gt_sf.o)
 .debug_pubnames
                0x0000008c       0x1e d:/all_courses/embeded system/01- full embedded systems diploma/new folder/imt_sdk_win_64/winavr/bin/../lib/gcc/avr/4.3.3/avr5\libgcc.a(_ge_sf.o)
 .debug_pubnames
                0x000000aa       0x1e d:/all_courses/embeded system/01- full embedded systems diploma/new folder/imt_sdk_win_64/winavr/bin/../lib/gcc/avr/4.3.3/avr5\libgcc.a(_lt_sf.o)
 .debug_pubnames
                0x000000c8       0x20 d:/all_courses/embeded system/01- full embedded systems diploma/new folder/imt_sdk_win_64/winavr/bin/../lib/gcc/avr/4.3.3/avr5\libgcc.a(_sf_to_si.o)
 .debug_pubnames
                0x000000e8       0x22 d:/all_courses/embeded system/01- full embedded systems diploma/new folder/imt_sdk_win_64/winavr/bin/../lib/gcc/avr/4.3.3/avr5\libgcc.a(_thenan_sf.o)
 .debug_pubnames
                0x0000010a       0x1f d:/all_courses/embeded system/01- full embedded systems diploma/new folder/imt_sdk_win_64/winavr/bin/../lib/gcc/avr/4.3.3/avr5\libgcc.a(_pack_sf.o)
 .debug_pubnames
                0x00000129       0x21 d:/all_courses/embeded system/01- full embedded systems diploma/new folder/imt_sdk_win_64/winavr/bin/../lib/gcc/avr/4.3.3/avr5\libgcc.a(_unpack_sf.o)
 .debug_pubnames
                0x0000014a       0x26 d:/all_courses/embeded system/01- full embedded systems diploma/new folder/imt_sdk_win_64/winavr/bin/../lib/gcc/avr/4.3.3/avr5\libgcc.a(_fpcmp_parts_sf.o)

.debug_info     0x00000000     0x1c49
 *(.debug_info)
 .debug_info    0x00000000       0xb1 d:/all_courses/embeded system/01- full embedded systems diploma/new folder/imt_sdk_win_64/winavr/bin/../lib/gcc/avr/4.3.3/avr5\libgcc.a(_fixunssfsi.o)
 .debug_info    0x000000b1      0x47a d:/all_courses/embeded system/01- full embedded systems diploma/new folder/imt_sdk_win_64/winavr/bin/../lib/gcc/avr/4.3.3/avr5\libgcc.a(_addsub_sf.o)
 .debug_info    0x0000052b      0x485 d:/all_courses/embeded system/01- full embedded systems diploma/new folder/imt_sdk_win_64/winavr/bin/../lib/gcc/avr/4.3.3/avr5\libgcc.a(_mul_sf.o)
 .debug_info    0x000009b0      0x27f d:/all_courses/embeded system/01- full embedded systems diploma/new folder/imt_sdk_win_64/winavr/bin/../lib/gcc/avr/4.3.3/avr5\libgcc.a(_gt_sf.o)
 .debug_info    0x00000c2f      0x27f d:/all_courses/embeded system/01- full embedded systems diploma/new folder/imt_sdk_win_64/winavr/bin/../lib/gcc/avr/4.3.3/avr5\libgcc.a(_ge_sf.o)
 .debug_info    0x00000eae      0x27f d:/all_courses/embeded system/01- full embedded systems diploma/new folder/imt_sdk_win_64/winavr/bin/../lib/gcc/avr/4.3.3/avr5\libgcc.a(_lt_sf.o)
 .debug_info    0x0000112d      0x2b0 d:/all_courses/embeded system/01- full embedded systems diploma/new folder/imt_sdk_win_64/winavr/bin/../lib/gcc/avr/4.3.3/avr5\libgcc.a(_sf_to_si.o)
 .debug_info    0x000013dd      0x12c d:/all_courses/embeded system/01- full embedded systems diploma/new folder/imt_sdk_win_64/winavr/bin/../lib/gcc/avr/4.3.3/avr5\libgcc.a(_thenan_sf.o)
 .debug_info    0x00001509      0x2df d:/all_courses/embeded system/01- full embedded systems diploma/new folder/imt_sdk_win_64/winavr/bin/../lib/gcc/avr/4.3.3/avr5\libgcc.a(_pack_sf.o)
 .debug_info    0x000017e8      0x251 d:/all_courses/embeded system/01- full embedded systems diploma/new folder/imt_sdk_win_64/winavr/bin/../lib/gcc/avr/4.3.3/avr5\libgcc.a(_unpack_sf.o)
 .debug_info    0x00001a39      0x210 d:/all_courses/embeded system/01- full embedded systems diploma/new folder/imt_sdk_win_64/winavr/bin/../lib/gcc/avr/4.3.3/avr5\libgcc.a(_fpcmp_parts_sf.o)
 *(.gnu.linkonce.wi.*)

.debug_abbrev   0x00000000      0xeeb
 *(.debug_abbrev)
 .debug_abbrev  0x00000000       0x5d d:/all_courses/embeded system/01- full embedded systems diploma/new folder/imt_sdk_win_64/winavr/bin/../lib/gcc/avr/4.3.3/avr5\libgcc.a(_fixunssfsi.o)
 .debug_abbrev  0x0000005d      0x1ea d:/all_courses/embeded system/01- full embedded systems diploma/new folder/imt_sdk_win_64/winavr/bin/../lib/gcc/avr/4.3.3/avr5\libgcc.a(_addsub_sf.o)
 .debug_abbrev  0x00000247      0x21b d:/all_courses/embeded system/01- full embedded systems diploma/new folder/imt_sdk_win_64/winavr/bin/../lib/gcc/avr/4.3.3/avr5\libgcc.a(_mul_sf.o)
 .debug_abbrev  0x00000462      0x15a d:/all_courses/embeded system/01- full embedded systems diploma/new folder/imt_sdk_win_64/winavr/bin/../lib/gcc/avr/4.3.3/avr5\libgcc.a(_gt_sf.o)
 .debug_abbrev  0x000005bc      0x15a d:/all_courses/embeded system/01- full embedded systems diploma/new folder/imt_sdk_win_64/winavr/bin/../lib/gcc/avr/4.3.3/avr5\libgcc.a(_ge_sf.o)
 .debug_abbrev  0x00000716      0x15a d:/all_courses/embeded system/01- full embedded systems diploma/new folder/imt_sdk_win_64/winavr/bin/../lib/gcc/avr/4.3.3/avr5\libgcc.a(_lt_sf.o)
 .debug_abbrev  0x00000870      0x17f d:/all_courses/embeded system/01- full embedded systems diploma/new folder/imt_sdk_win_64/winavr/bin/../lib/gcc/avr/4.3.3/avr5\libgcc.a(_sf_to_si.o)
 .debug_abbrev  0x000009ef       0xad d:/all_courses/embeded system/01- full embedded systems diploma/new folder/imt_sdk_win_64/winavr/bin/../lib/gcc/avr/4.3.3/avr5\libgcc.a(_thenan_sf.o)
 .debug_abbrev  0x00000a9c      0x1c0 d:/all_courses/embeded system/01- full embedded systems diploma/new folder/imt_sdk_win_64/winavr/bin/../lib/gcc/avr/4.3.3/avr5\libgcc.a(_pack_sf.o)
 .debug_abbrev  0x00000c5c      0x154 d:/all_courses/embeded system/01- full embedded systems diploma/new folder/imt_sdk_win_64/winavr/bin/../lib/gcc/avr/4.3.3/avr5\libgcc.a(_unpack_sf.o)
 .debug_abbrev  0x00000db0      0x13b d:/all_courses/embeded system/01- full embedded systems diploma/new folder/imt_sdk_win_64/winavr/bin/../lib/gcc/avr/4.3.3/avr5\libgcc.a(_fpcmp_parts_sf.o)

.debug_line     0x00000000      0xdad
 *(.debug_line)
 .debug_line    0x00000000       0xa7 d:/all_courses/embeded system/01- full embedded systems diploma/new folder/imt_sdk_win_64/winavr/bin/../lib/gcc/avr/4.3.3/avr5\libgcc.a(_fixunssfsi.o)
 .debug_line    0x000000a7      0x2af d:/all_courses/embeded system/01- full embedded systems diploma/new folder/imt_sdk_win_64/winavr/bin/../lib/gcc/avr/4.3.3/avr5\libgcc.a(_addsub_sf.o)
 .debug_line    0x00000356      0x239 d:/all_courses/embeded system/01- full embedded systems diploma/new folder/imt_sdk_win_64/winavr/bin/../lib/gcc/avr/4.3.3/avr5\libgcc.a(_mul_sf.o)
 .debug_line    0x0000058f       0xd3 d:/all_courses/embeded system/01- full embedded systems diploma/new folder/imt_sdk_win_64/winavr/bin/../lib/gcc/avr/4.3.3/avr5\libgcc.a(_gt_sf.o)
 .debug_line    0x00000662       0xd3 d:/all_courses/embeded system/01- full embedded systems diploma/new folder/imt_sdk_win_64/winavr/bin/../lib/gcc/avr/4.3.3/avr5\libgcc.a(_ge_sf.o)
 .debug_line    0x00000735       0xd3 d:/all_courses/embeded system/01- full embedded systems diploma/new folder/imt_sdk_win_64/winavr/bin/../lib/gcc/avr/4.3.3/avr5\libgcc.a(_lt_sf.o)
 .debug_line    0x00000808      0x109 d:/all_courses/embeded system/01- full embedded systems diploma/new folder/imt_sdk_win_64/winavr/bin/../lib/gcc/avr/4.3.3/avr5\libgcc.a(_sf_to_si.o)
 .debug_line    0x00000911       0x90 d:/all_courses/embeded system/01- full embedded systems diploma/new folder/imt_sdk_win_64/winavr/bin/../lib/gcc/avr/4.3.3/avr5\libgcc.a(_thenan_sf.o)
 .debug_line    0x000009a1      0x18a d:/all_courses/embeded system/01- full embedded systems diploma/new folder/imt_sdk_win_64/winavr/bin/../lib/gcc/avr/4.3.3/avr5\libgcc.a(_pack_sf.o)
 .debug_line    0x00000b2b      0x14b d:/all_courses/embeded system/01- full embedded systems diploma/new folder/imt_sdk_win_64/winavr/bin/../lib/gcc/avr/4.3.3/avr5\libgcc.a(_unpack_sf.o)
 .debug_line    0x00000c76      0x137 d:/all_courses/embeded system/01- full embedded systems diploma/new folder/imt_sdk_win_64/winavr/bin/../lib/gcc/avr/4.3.3/avr5\libgcc.a(_fpcmp_parts_sf.o)

.debug_frame    0x00000000      0x160
 *(.debug_frame)
 .debug_frame   0x00000000       0x20 d:/all_courses/embeded system/01- full embedded systems diploma/new folder/imt_sdk_win_64/winavr/bin/../lib/gcc/avr/4.3.3/avr5\libgcc.a(_fixunssfsi.o)
 .debug_frame   0x00000020       0x40 d:/all_courses/embeded system/01- full embedded systems diploma/new folder/imt_sdk_win_64/winavr/bin/../lib/gcc/avr/4.3.3/avr5\libgcc.a(_addsub_sf.o)
 .debug_frame   0x00000060       0x20 d:/all_courses/embeded system/01- full embedded systems diploma/new folder/imt_sdk_win_64/winavr/bin/../lib/gcc/avr/4.3.3/avr5\libgcc.a(_mul_sf.o)
 .debug_frame   0x00000080       0x20 d:/all_courses/embeded system/01- full embedded systems diploma/new folder/imt_sdk_win_64/winavr/bin/../lib/gcc/avr/4.3.3/avr5\libgcc.a(_gt_sf.o)
 .debug_frame   0x000000a0       0x20 d:/all_courses/embeded system/01- full embedded systems diploma/new folder/imt_sdk_win_64/winavr/bin/../lib/gcc/avr/4.3.3/avr5\libgcc.a(_ge_sf.o)
 .debug_frame   0x000000c0       0x20 d:/all_courses/embeded system/01- full embedded systems diploma/new folder/imt_sdk_win_64/winavr/bin/../lib/gcc/avr/4.3.3/avr5\libgcc.a(_lt_sf.o)
 .debug_frame   0x000000e0       0x20 d:/all_courses/embeded system/01- full embedded systems diploma/new folder/imt_sdk_win_64/winavr/bin/../lib/gcc/avr/4.3.3/avr5\libgcc.a(_sf_to_si.o)
 .debug_frame   0x00000100       0x20 d:/all_courses/embeded system/01- full embedded systems diploma/new folder/imt_sdk_win_64/winavr/bin/../lib/gcc/avr/4.3.3/avr5\libgcc.a(_pack_sf.o)
 .debug_frame   0x00000120       0x20 d:/all_courses/embeded system/01- full embedded systems diploma/new folder/imt_sdk_win_64/winavr/bin/../lib/gcc/avr/4.3.3/avr5\libgcc.a(_unpack_sf.o)
 .debug_frame   0x00000140       0x20 d:/all_courses/embeded system/01- full embedded systems diploma/new folder/imt_sdk_win_64/winavr/bin/../lib/gcc/avr/4.3.3/avr5\libgcc.a(_fpcmp_parts_sf.o)

.debug_str      0x00000000      0x28d
 *(.debug_str)
 .debug_str     0x00000000       0xbf d:/all_courses/embeded system/01- full embedded systems diploma/new folder/imt_sdk_win_64/winavr/bin/../lib/gcc/avr/4.3.3/avr5\libgcc.a(_fixunssfsi.o)
                                 0xfe (size before relaxing)
 .debug_str     0x000000bf      0x14d d:/all_courses/embeded system/01- full embedded systems diploma/new folder/imt_sdk_win_64/winavr/bin/../lib/gcc/avr/4.3.3/avr5\libgcc.a(_addsub_sf.o)
                                0x206 (size before relaxing)
 .debug_str     0x0000020c       0x27 d:/all_courses/embeded system/01- full embedded systems diploma/new folder/imt_sdk_win_64/winavr/bin/../lib/gcc/avr/4.3.3/avr5\libgcc.a(_mul_sf.o)
                                0x1bf (size before relaxing)
 .debug_str     0x00000233        0xf d:/all_courses/embeded system/01- full embedded systems diploma/new folder/imt_sdk_win_64/winavr/bin/../lib/gcc/avr/4.3.3/avr5\libgcc.a(_gt_sf.o)
                                0x195 (size before relaxing)
 .debug_str     0x00000242        0x8 d:/all_courses/embeded system/01- full embedded systems diploma/new folder/imt_sdk_win_64/winavr/bin/../lib/gcc/avr/4.3.3/avr5\libgcc.a(_ge_sf.o)
                                0x195 (size before relaxing)
 .debug_str     0x0000024a        0x8 d:/all_courses/embeded system/01- full embedded systems diploma/new folder/imt_sdk_win_64/winavr/bin/../lib/gcc/avr/4.3.3/avr5\libgcc.a(_lt_sf.o)
                                0x195 (size before relaxing)
 .debug_str     0x00000252        0xa d:/all_courses/embeded system/01- full embedded systems diploma/new folder/imt_sdk_win_64/winavr/bin/../lib/gcc/avr/4.3.3/avr5\libgcc.a(_sf_to_si.o)
                                0x19e (size before relaxing)
 .debug_str     0x00000000      0x103 d:/all_courses/embeded system/01- full embedded systems diploma/new folder/imt_sdk_win_64/winavr/bin/../lib/gcc/avr/4.3.3/avr5\libgcc.a(_thenan_sf.o)
 .debug_str     0x0000025c       0x16 d:/all_courses/embeded system/01- full embedded systems diploma/new folder/imt_sdk_win_64/winavr/bin/../lib/gcc/avr/4.3.3/avr5\libgcc.a(_pack_sf.o)
                                0x19d (size before relaxing)
 .debug_str     0x00000272        0xb d:/all_courses/embeded system/01- full embedded systems diploma/new folder/imt_sdk_win_64/winavr/bin/../lib/gcc/avr/4.3.3/avr5\libgcc.a(_unpack_sf.o)
                                0x17f (size before relaxing)
 .debug_str     0x0000027d       0x10 d:/all_courses/embeded system/01- full embedded systems diploma/new folder/imt_sdk_win_64/winavr/bin/../lib/gcc/avr/4.3.3/avr5\libgcc.a(_fpcmp_parts_sf.o)
                                0x163 (size before relaxing)

.debug_loc      0x00000000      0x7ce
 *(.debug_loc)
 .debug_loc     0x00000000       0x34 d:/all_courses/embeded system/01- full embedded systems diploma/new folder/imt_sdk_win_64/winavr/bin/../lib/gcc/avr/4.3.3/avr5\libgcc.a(_fixunssfsi.o)
 .debug_loc     0x00000034      0x32a d:/all_courses/embeded system/01- full embedded systems diploma/new folder/imt_sdk_win_64/winavr/bin/../lib/gcc/avr/4.3.3/avr5\libgcc.a(_addsub_sf.o)
 .debug_loc     0x0000035e      0x104 d:/all_courses/embeded system/01- full embedded systems diploma/new folder/imt_sdk_win_64/winavr/bin/../lib/gcc/avr/4.3.3/avr5\libgcc.a(_mul_sf.o)
 .debug_loc     0x00000462       0x3c d:/all_courses/embeded system/01- full embedded systems diploma/new folder/imt_sdk_win_64/winavr/bin/../lib/gcc/avr/4.3.3/avr5\libgcc.a(_gt_sf.o)
 .debug_loc     0x0000049e       0x3c d:/all_courses/embeded system/01- full embedded systems diploma/new folder/imt_sdk_win_64/winavr/bin/../lib/gcc/avr/4.3.3/avr5\libgcc.a(_ge_sf.o)
 .debug_loc     0x000004da       0x3c d:/all_courses/embeded system/01- full embedded systems diploma/new folder/imt_sdk_win_64/winavr/bin/../lib/gcc/avr/4.3.3/avr5\libgcc.a(_lt_sf.o)
 .debug_loc     0x00000516       0x7e d:/all_courses/embeded system/01- full embedded systems diploma/new folder/imt_sdk_win_64/winavr/bin/../lib/gcc/avr/4.3.3/avr5\libgcc.a(_sf_to_si.o)
 .debug_loc     0x00000594      0x13e d:/all_courses/embeded system/01- full embedded systems diploma/new folder/imt_sdk_win_64/winavr/bin/../lib/gcc/avr/4.3.3/avr5\libgcc.a(_pack_sf.o)
 .debug_loc     0x000006d2       0xac d:/all_courses/embeded system/01- full embedded systems diploma/new folder/imt_sdk_win_64/winavr/bin/../lib/gcc/avr/4.3.3/avr5\libgcc.a(_unpack_sf.o)
 .debug_loc     0x0000077e       0x50 d:/all_courses/embeded system/01- full embedded systems diploma/new folder/imt_sdk_win_64/winavr/bin/../lib/gcc/avr/4.3.3/avr5\libgcc.a(_fpcmp_parts_sf.o)

.debug_macinfo
 *(.debug_macinfo)
OUTPUT(Full_Version_Primitive_RTOS.elf elf32-avr)
LOAD linker stubs

.debug_ranges   0x00000000       0x50
 .debug_ranges  0x00000000       0x50 d:/all_courses/embeded system/01- full embedded systems diploma/new folder/imt_sdk_win_64/winavr/bin/../lib/gcc/avr/4.3.3/avr5\libgcc.a(_mul_sf.o)
